 hook64_relmap

 Timestamp is 69b03c26 (Tue Mar 10 18:43:34 2026)

 Preferred load address is 0000000180000000

 Start         Length     Name                   Class
 0001:00000000 0001a420H .text$mn                CODE
 0001:0001a420 00000060H .text$mn$00             CODE
 0001:0001a480 00000b00H .text$mn$21             CODE
 0001:0001af80 00000840H .text$x                 CODE
 0002:00000000 00000340H .idata$5                DATA
 0002:00000340 00000038H .00cfg                  DATA
 0002:00000378 00000008H .CRT$XCA                DATA
 0002:00000380 00000008H .CRT$XCZ                DATA
 0002:00000388 00000008H .CRT$XIA                DATA
 0002:00000390 00000020H .CRT$XIC                DATA
 0002:000003b0 00000008H .CRT$XIZ                DATA
 0002:000003b8 00000008H .CRT$XPA                DATA
 0002:000003c0 00000010H .CRT$XPX                DATA
 0002:000003d0 00000008H .CRT$XPXA               DATA
 0002:000003d8 00000008H .CRT$XPZ                DATA
 0002:000003e0 00000008H .CRT$XTA                DATA
 0002:000003e8 00000008H .CRT$XTZ                DATA
 0002:000003f0 00000000H .gehcont$y              DATA
 0002:000003f0 00000000H .gfids$y                DATA
 0002:000003f0 0000a590H .rdata                  DATA
 0002:0000a980 00000180H .rdata$00               DATA
 0002:0000ab00 00000000H .rdata$CastGuardVftablesA DATA
 0002:0000ab00 00000000H .rdata$CastGuardVftablesC DATA
 0002:0000ab00 0000016cH .rdata$r                DATA
 0002:0000ac6c 00000148H .rdata$voltmd           DATA
 0002:0000adb4 0000031cH .rdata$zzzdbg           DATA
 0002:0000b0d0 00000008H .rtc$IAA                DATA
 0002:0000b0d8 00000008H .rtc$IZZ                DATA
 0002:0000b0e0 00000008H .rtc$TAA                DATA
 0002:0000b0e8 00000008H .rtc$TZZ                DATA
 0002:0000b0f0 00001770H .xdata                  DATA
 0002:0000c860 00000090H .xdata$x                DATA
 0002:0000c8f0 00000088H .edata                  DATA
 0002:0000c978 0000003cH .idata$2                DATA
 0002:0000c9b4 00000014H .idata$3                DATA
 0002:0000c9c8 00000340H .idata$4                DATA
 0002:0000cd08 000007aeH .idata$6                DATA
 0003:00000000 00000a70H .data                   DATA
 0003:00000a70 00000078H .data$r                 DATA
 0003:00000ae8 00000028H .data$rs                DATA
 0003:00000b10 00001290H .bss                    DATA
 0004:00000000 000017dcH .pdata                  DATA
 0005:00000000 00000100H .fptable                DATA

  Address         Publics by Value              Rva+Base               Lib:Object

 0000:00000000       __AbsoluteZero             0000000000000000     <absolute>
 0000:00000000       ___safe_se_handler_count   0000000000000000     <absolute>
 0000:00000000       ___safe_se_handler_table   0000000000000000     <absolute>
 0000:00000000       __arm64x_extra_rfe_table   0000000000000000     <absolute>
 0000:00000000       __arm64x_extra_rfe_table_size 0000000000000000     <absolute>
 0000:00000000       __arm64x_native_entrypoint 0000000000000000     <absolute>
 0000:00000000       __arm64x_redirection_metadata 0000000000000000     <absolute>
 0000:00000000       __arm64x_redirection_metadata_count 0000000000000000     <absolute>
 0000:00000000       __dynamic_value_reloc_table 0000000000000000     <absolute>
 0000:00000000       __enclave_config           0000000000000000     <absolute>
 0000:00000000       __guard_check_icall_a64n_fptr 0000000000000000     <absolute>
 0000:00000000       __guard_eh_cont_count      0000000000000000     <absolute>
 0000:00000000       __guard_eh_cont_table      0000000000000000     <absolute>
 0000:00000000       __guard_fids_count         0000000000000000     <absolute>
 0000:00000000       __guard_fids_table         0000000000000000     <absolute>
 0000:00000000       __guard_iat_count          0000000000000000     <absolute>
 0000:00000000       __guard_iat_table          0000000000000000     <absolute>
 0000:00000000       __guard_longjmp_count      0000000000000000     <absolute>
 0000:00000000       __guard_longjmp_table      0000000000000000     <absolute>
 0000:00000000       __hybrid_auxiliary_delayload_iat 0000000000000000     <absolute>
 0000:00000000       __hybrid_auxiliary_delayload_iat_copy 0000000000000000     <absolute>
 0000:00000000       __hybrid_auxiliary_iat     0000000000000000     <absolute>
 0000:00000000       __hybrid_auxiliary_iat_copy 0000000000000000     <absolute>
 0000:00000000       __hybrid_code_map          0000000000000000     <absolute>
 0000:00000000       __hybrid_code_map_count    0000000000000000     <absolute>
 0000:00000000       __hybrid_image_info_bitfield 0000000000000000     <absolute>
 0000:00000000       __x64_code_ranges_to_entry_points 0000000000000000     <absolute>
 0000:00000000       __x64_code_ranges_to_entry_points_count 0000000000000000     <absolute>
 0000:00000100       __guard_flags              0000000000000100     <absolute>
 0000:00000000       __ImageBase                0000000180000000     <linker-defined>
 0001:00000000       __local_stdio_printf_options 0000000180001000 f i hook64_relmap.obj
 0001:00000010       fprintf                    0000000180001010 f i hook64_relmap.obj
 0001:00000060       _snprintf_s                0000000180001060 f i hook64_relmap.obj
 0001:00001440       HydraStartHook             0000000180002440 f   hook64_relmap.obj
 0001:00001550       HydraStopHook              0000000180002550 f   hook64_relmap.obj
 0001:000015e0       HydraInitialize            00000001800025e0 f   hook64_relmap.obj
 0001:000015f0       DllMain                    00000001800025f0 f   hook64_relmap.obj
 0001:00001640       __security_check_cookie    0000000180002640 f   LIBCMT:amdsecgs.obj
 0001:00001660       __raise_securityfailure    0000000180002660 f   LIBCMT:gs_report.obj
 0001:00001694       __report_gsfailure         0000000180002694 f   LIBCMT:gs_report.obj
 0001:000017dc       ??_Etype_info@@UEAAPEAXI@Z 00000001800027dc f i LIBCMT:std_type_info_static.obj
 0001:000017dc       ??_Gtype_info@@UEAAPEAXI@Z 00000001800027dc f i LIBCMT:std_type_info_static.obj
 0001:00001b18       _DllMainCRTStartup         0000000180002b18 f   LIBCMT:dll_dllmain.obj
 0001:00001b58       ??3@YAXPEAX_K@Z            0000000180002b58 f   LIBCMT:delete_scalar_size.obj
 0001:00001b60       __security_init_cookie     0000000180002b60 f   LIBCMT:gs_support.obj
 0001:00001c0c       ?__scrt_initialize_type_info@@YAXXZ 0000000180002c0c f   LIBCMT:tncleanup.obj
 0001:00001c1c       ?__scrt_uninitialize_type_info@@YAXXZ 0000000180002c1c f   LIBCMT:tncleanup.obj
 0001:00001c28       __local_stdio_scanf_options 0000000180002c28 f i LIBCMT:default_local_stdio_options.obj
 0001:00001c30       __scrt_initialize_default_local_stdio_options 0000000180002c30 f   LIBCMT:default_local_stdio_options.obj
 0001:00001c4c       __scrt_acquire_startup_lock 0000000180002c4c f   LIBCMT:utility.obj
 0001:00001c88       __scrt_dllmain_after_initialize_c 0000000180002c88 f   LIBCMT:utility.obj
 0001:00001cbc       __scrt_dllmain_before_initialize_c 0000000180002cbc f   LIBCMT:utility.obj
 0001:00001cd4       __scrt_dllmain_crt_thread_attach 0000000180002cd4 f   LIBCMT:utility.obj
 0001:00001cfc       __scrt_dllmain_crt_thread_detach 0000000180002cfc f   LIBCMT:utility.obj
 0001:00001d14       __scrt_dllmain_exception_filter 0000000180002d14 f   LIBCMT:utility.obj
 0001:00001d74       __scrt_dllmain_uninitialize_c 0000000180002d74 f   LIBCMT:utility.obj
 0001:00001da4       __scrt_dllmain_uninitialize_critical 0000000180002da4 f   LIBCMT:utility.obj
 0001:00001db8       __scrt_initialize_crt      0000000180002db8 f   LIBCMT:utility.obj
 0001:00001df4       __scrt_initialize_onexit_tables 0000000180002df4 f   LIBCMT:utility.obj
 0001:00001e80       __scrt_is_nonwritable_in_current_image 0000000180002e80 f   LIBCMT:utility.obj
 0001:00001f18       __scrt_release_startup_lock 0000000180002f18 f   LIBCMT:utility.obj
 0001:00001f3c       __scrt_uninitialize_crt    0000000180002f3c f   LIBCMT:utility.obj
 0001:00001f68       __scrt_get_dyn_tls_init_callback 0000000180002f68 f   LIBCMT:dyn_tls_init.obj
 0001:00001f70       __crt_debugger_hook        0000000180002f70 f   LIBCMT:utility_desktop.obj
 0001:00001f78       __scrt_fastfail            0000000180002f78 f   LIBCMT:utility_desktop.obj
 0001:000020c0       _RTC_Initialize            00000001800030c0 f   LIBCMT:initsect.obj
 0001:000020fc       _RTC_Terminate             00000001800030fc f   LIBCMT:initsect.obj
 0001:00002138       _guard_check_icall_nop     0000000180003138 f i LIBCMT:guard_support.obj
 0001:0000213c       ??3@YAXPEAX@Z              000000018000313c f   LIBCMT:delete_scalar.obj
 0001:00002144       __isa_available_init       0000000180003144 f   LIBCMT:cpu_disp.obj
 0001:00002410       _get_startup_argv_mode     0000000180003410 f   LIBCMT:argv_mode.obj
 0001:00002418       __scrt_is_ucrt_dll_in_use  0000000180003418 f   LIBCMT:ucrt_detection.obj
 0001:00002430       ??$_CallSETranslator@V__FrameHandler3@@@@YAHPEAUEHExceptionRecord@@PEA_KPEAU_CONTEXT@@PEAU_xDISPATCHER_CONTEXT@@PEBU_s_FuncInfo@@K1H@Z 0000000180003430 f i libvcruntime:risctrnsctrl.obj
 0001:00002484       ??$_CallSETranslator@V__FrameHandler4@@@@YAHPEAUEHExceptionRecord@@PEA_KPEAU_CONTEXT@@PEAU_xDISPATCHER_CONTEXT@@PEAUFuncInfo4@FH4@@K1H@Z 0000000180003484 f i libvcruntime:risctrnsctrl.obj
 0001:000024d8       ?CatchTryBlock@__FrameHandler3@@SAPEBU_s_TryBlockMapEntry@@PEBU_s_FuncInfo@@H@Z 00000001800034d8 f   libvcruntime:risctrnsctrl.obj
 0001:0000253c       ?DecompFuncInfo@FH4@@YA_JPEAEAEAUFuncInfo4@1@_KH_N@Z 000000018000353c f i libvcruntime:risctrnsctrl.obj
 0001:00002674       ?ExecutionInCatch@__FrameHandler3@@SA_NPEAU_xDISPATCHER_CONTEXT@@PEBU_s_FuncInfo@@@Z 0000000180003674 f   libvcruntime:risctrnsctrl.obj
 0001:000026a0       ?ExecutionInCatch@__FrameHandler4@@SA_NPEAU_xDISPATCHER_CONTEXT@@PEAUFuncInfo4@FH4@@@Z 00000001800036a0 f   libvcruntime:risctrnsctrl.obj
 0001:000026a8       ?FrameUnwindToEmptyState@__FrameHandler3@@SAXPEA_KPEAU_xDISPATCHER_CONTEXT@@PEBU_s_FuncInfo@@@Z 00000001800036a8 f   libvcruntime:risctrnsctrl.obj
 0001:0000270c       ?FrameUnwindToEmptyState@__FrameHandler4@@SAXPEA_KPEAU_xDISPATCHER_CONTEXT@@PEAUFuncInfo4@FH4@@@Z 000000018000370c f   libvcruntime:risctrnsctrl.obj
 0001:00002740       ?GetEstablisherFrame@__FrameHandler3@@SAPEA_KPEA_KPEAU_xDISPATCHER_CONTEXT@@PEBU_s_FuncInfo@@0@Z 0000000180003740 f   libvcruntime:risctrnsctrl.obj
 0001:00002810       ?GetEstablisherFrame@__FrameHandler4@@SAPEA_KPEA_KPEAU_xDISPATCHER_CONTEXT@@PEAUFuncInfo4@FH4@@0@Z 0000000180003810 f   libvcruntime:risctrnsctrl.obj
 0001:00002834       ?GetRangeOfTrysToCheck@__FrameHandler3@@SA?AU?$pair@Viterator@TryBlockMap@__FrameHandler3@@V123@@std@@AEAVTryBlockMap@1@HPEAU_xDISPATCHER_CONTEXT@@PEBU_s_FuncInfo@@H@Z 0000000180003834 f   libvcruntime:risctrnsctrl.obj
 0001:00002968       ?GetRangeOfTrysToCheck@__FrameHandler4@@SA?AU?$pair@Viterator@TryBlockMap4@FH4@@V123@@std@@AEAVTryBlockMap4@FH4@@HPEAU_xDISPATCHER_CONTEXT@@PEAUFuncInfo4@5@H@Z 0000000180003968 f   libvcruntime:risctrnsctrl.obj
 0001:00002ad4       ?UnwindNestedFrames@__FrameHandler3@@SAXPEA_KPEAUEHExceptionRecord@@PEAU_CONTEXT@@0PEAXPEBU_s_FuncInfo@@HHPEBU_s_HandlerType@@PEAU_xDISPATCHER_CONTEXT@@E@Z 0000000180003ad4 f   libvcruntime:risctrnsctrl.obj
 0001:00002bd8       ?UnwindNestedFrames@__FrameHandler4@@SAXPEA_KPEAUEHExceptionRecord@@PEAU_CONTEXT@@0PEAXPEAUFuncInfo4@FH4@@HHPEAUHandlerType4@5@PEAU_xDISPATCHER_CONTEXT@@E@Z 0000000180003bd8 f   libvcruntime:risctrnsctrl.obj
 0001:00002cf8       ?setBuffer@TryBlockMap4@FH4@@QEAAXViterator@12@@Z 0000000180003cf8 f i libvcruntime:risctrnsctrl.obj
 0001:00002ebc       _CreateFrameInfo           0000000180003ebc f   libvcruntime:risctrnsctrl.obj
 0001:00002ef8       _FindAndUnlinkFrame        0000000180003ef8 f   libvcruntime:risctrnsctrl.obj
 0001:00002f4c       _GetImageBase              0000000180003f4c f   libvcruntime:risctrnsctrl.obj
 0001:00002f60       _GetThrowImageBase         0000000180003f60 f   libvcruntime:risctrnsctrl.obj
 0001:00002f74       _SetImageBase              0000000180003f74 f   libvcruntime:risctrnsctrl.obj
 0001:00002f8c       _SetThrowImageBase         0000000180003f8c f   libvcruntime:risctrnsctrl.obj
 0001:00002fa4       __CxxFrameHandler3         0000000180003fa4 f   libvcruntime:risctrnsctrl.obj
 0001:0000302c       __CxxFrameHandler4         000000018000402c f   libvcruntime:risctrnsctrl.obj
 0001:000030ec       strrchr                    00000001800040ec f   libvcruntime:strrchr.obj
 0001:00003224       __C_specific_handler       0000000180004224 f   libvcruntime:riscchandler.obj
 0001:0000343c       __std_type_info_compare    000000018000443c f   libvcruntime:std_type_info.obj
 0001:00003464       __std_type_info_destroy_list 0000000180004464 f   libvcruntime:std_type_info.obj
 0001:00003490       __vcrt_initialize          0000000180004490 f   libvcruntime:initialization.obj
 0001:000034b8       __vcrt_thread_attach       00000001800044b8 f   libvcruntime:initialization.obj
 0001:000034cc       __vcrt_thread_detach       00000001800044cc f   libvcruntime:initialization.obj
 0001:000034dc       __vcrt_uninitialize        00000001800044dc f   libvcruntime:initialization.obj
 0001:000034f8       __vcrt_uninitialize_critical 00000001800044f8 f   libvcruntime:initialization.obj
 0001:00003508       __DestructExceptionObject  0000000180004508 f   libvcruntime:ehhelpers.obj
 0001:00003578       ?_CallMemberFunction0@@YAXQEAX0@Z 0000000180004578 f i libvcruntime:ehhelpers.obj
 0001:0000357c       _IsExceptionObjectToBeDestroyed 000000018000457c f   libvcruntime:ehhelpers.obj
 0001:000035ac       __AdjustPointer            00000001800045ac f   libvcruntime:ehhelpers.obj
 0001:000035d0       __FrameUnwindFilter        00000001800045d0 f   libvcruntime:ehhelpers.obj
 0001:00003638       __std_terminate            0000000180004638 f   libvcruntime:ehhelpers.obj
 0001:00003650       __vcrt_freefls             0000000180004650 f   libvcruntime:per_thread_data.obj
 0001:00003670       __vcrt_freeptd_for_this_thread 0000000180004670 f   libvcruntime:per_thread_data.obj
 0001:000036b8       __vcrt_getptd              00000001800046b8 f   libvcruntime:per_thread_data.obj
 0001:000036d4       __vcrt_getptd_noexit       00000001800046d4 f   libvcruntime:per_thread_data.obj
 0001:00003794       __vcrt_initialize_ptd      0000000180004794 f   libvcruntime:per_thread_data.obj
 0001:000037dc       __vcrt_uninitialize_ptd    00000001800047dc f   libvcruntime:per_thread_data.obj
 0001:00003800       ?GetCurrentState@__FrameHandler3@@SAHPEA_KPEAU_xDISPATCHER_CONTEXT@@PEBU_s_FuncInfo@@@Z 0000000180004800 f   libvcruntime:ehstate.obj
 0001:00003828       ?GetUnwindTryBlock@__FrameHandler3@@SAHPEA_KPEAU_xDISPATCHER_CONTEXT@@PEBU_s_FuncInfo@@@Z 0000000180004828 f   libvcruntime:ehstate.obj
 0001:00003854       ?SetState@__FrameHandler3@@SAXPEA_KPEBU_s_FuncInfo@@H@Z 0000000180004854 f   libvcruntime:ehstate.obj
 0001:00003860       ?SetUnwindTryBlock@__FrameHandler3@@SAXPEA_KPEAU_xDISPATCHER_CONTEXT@@PEBU_s_FuncInfo@@H@Z 0000000180004860 f   libvcruntime:ehstate.obj
 0001:0000389c       ?StateFromControlPc@__FrameHandler3@@SAHPEBU_s_FuncInfo@@PEAU_xDISPATCHER_CONTEXT@@@Z 000000018000489c f   libvcruntime:ehstate.obj
 0001:000038a4       ?StateFromControlPc@__FrameHandler4@@SAHPEAUFuncInfo4@FH4@@PEAU_xDISPATCHER_CONTEXT@@@Z 00000001800048a4 f   libvcruntime:ehstate.obj
 0001:000038ac       ?StateFromIp@__FrameHandler3@@SAHPEBU_s_FuncInfo@@PEAU_xDISPATCHER_CONTEXT@@_K@Z 00000001800048ac f   libvcruntime:ehstate.obj
 0001:00003914       ?StateFromIp@__FrameHandler4@@SAHPEAUFuncInfo4@FH4@@PEAU_xDISPATCHER_CONTEXT@@_K@Z 0000000180004914 f   libvcruntime:ehstate.obj
 0001:0000506c       ??$TypeMatchHelper@V__FrameHandler3@@@@YAHPEBU_s_HandlerType@@PEBU_s_CatchableType@@PEBU_s_ThrowInfo@@@Z 000000018000606c f i libvcruntime:frame.obj
 0001:000051ac       ??$TypeMatchHelper@V__FrameHandler4@@@@YAHPEAUHandlerType4@FH4@@PEBU_s_CatchableType@@PEBU_s_ThrowInfo@@@Z 00000001800061ac f i libvcruntime:frame.obj
 0001:000052f8       ??$__InternalCxxFrameHandler@V__FrameHandler3@@@@YA?AW4_EXCEPTION_DISPOSITION@@PEAUEHExceptionRecord@@PEA_KPEAU_CONTEXT@@PEAU_xDISPATCHER_CONTEXT@@PEBU_s_FuncInfo@@H1E@Z 00000001800062f8 f i libvcruntime:frame.obj
 0001:00005530       ??$__InternalCxxFrameHandler@V__FrameHandler4@@@@YA?AW4_EXCEPTION_DISPOSITION@@PEAUEHExceptionRecord@@PEA_KPEAU_CONTEXT@@PEAU_xDISPATCHER_CONTEXT@@PEAUFuncInfo4@FH4@@H1E@Z 0000000180006530 f i libvcruntime:frame.obj
 0001:000057c4       ??$__InternalCxxFrameHandlerWrapper@V__FrameHandler3@@@@YA?AW4_EXCEPTION_DISPOSITION@@PEAUEHExceptionRecord@@PEA_KPEAU_CONTEXT@@PEAU_xDISPATCHER_CONTEXT@@PEBU_s_FuncInfo@@H1E@Z 00000001800067c4 f i libvcruntime:frame.obj
 0001:000057cc       ??$__InternalCxxFrameHandlerWrapper@V__FrameHandler4@@@@YA?AW4_EXCEPTION_DISPOSITION@@PEAUEHExceptionRecord@@PEA_KPEAU_CONTEXT@@PEAU_xDISPATCHER_CONTEXT@@PEAUFuncInfo4@FH4@@H1E@Z 00000001800067cc f i libvcruntime:frame.obj
 0001:00005818       ??0HandlerMap4@FH4@@QEAA@PEBUTryBlockMapEntry4@1@_KH@Z 0000000180006818 f i libvcruntime:frame.obj
 0001:0000589c       ??0TryBlockMap4@FH4@@QEAA@PEBUFuncInfo4@1@_K@Z 000000018000689c f i libvcruntime:frame.obj
 0001:00005980       ??0bad_exception@std@@QEAA@AEBV01@@Z 0000000180006980 f i libvcruntime:frame.obj
 0001:000059bc       ??0bad_exception@std@@QEAA@XZ 00000001800069bc f i libvcruntime:frame.obj
 0001:000059dc       ??0exception@std@@QEAA@AEBV01@@Z 00000001800069dc f i libvcruntime:frame.obj
 0001:00005a10       ??1bad_exception@std@@UEAA@XZ 0000000180006a10 f i libvcruntime:frame.obj
 0001:00005a24       ??_Ebad_exception@std@@UEAAPEAXI@Z 0000000180006a24 f i libvcruntime:frame.obj
 0001:00005a24       ??_Eexception@std@@UEAAPEAXI@Z 0000000180006a24 f i libvcruntime:frame.obj
 0001:00005a24       ??_Gbad_exception@std@@UEAAPEAXI@Z 0000000180006a24 f i libvcruntime:frame.obj
 0001:00005a24       ??_Gexception@std@@UEAAPEAXI@Z 0000000180006a24 f i libvcruntime:frame.obj
 0001:00005a68       ?CxxCallCatchBlock@__FrameHandler3@@SAPEAXPEAU_EXCEPTION_RECORD@@@Z 0000000180006a68 f   libvcruntime:frame.obj
 0001:00005c54       ?CxxCallCatchBlock@__FrameHandler4@@SAPEAXPEAU_EXCEPTION_RECORD@@@Z 0000000180006c54 f   libvcruntime:frame.obj
 0001:00005ea4       ?DecompHandler@HandlerMap4@FH4@@AEAAXXZ 0000000180006ea4 f i libvcruntime:frame.obj
 0001:000060ec       ?FrameUnwindToState@__FrameHandler3@@SAXPEA_KPEAU_xDISPATCHER_CONTEXT@@PEBU_s_FuncInfo@@H@Z 00000001800070ec f   libvcruntime:frame.obj
 0001:00006278       ?FrameUnwindToState@__FrameHandler4@@SAXPEA_KPEAU_xDISPATCHER_CONTEXT@@PEAUFuncInfo4@FH4@@H@Z 0000000180007278 f   libvcruntime:frame.obj
 0001:00006580       ?GetHandlerSearchState@__FrameHandler3@@SAHPEA_KPEAU_xDISPATCHER_CONTEXT@@PEBU_s_FuncInfo@@@Z 0000000180007580 f i libvcruntime:frame.obj
 0001:00006790       ?ReadEntry@UWMap4@FH4@@AEAAXPEAPEAE@Z 0000000180007790 f i libvcruntime:frame.obj
 0001:0000682c       ?_CallMemberFunction1@@YAXQEAX00@Z 000000018000782c f i libvcruntime:frame.obj
 0001:00006838       ?_CallMemberFunction2@@YAXQEAX00H@Z 0000000180007838 f i libvcruntime:frame.obj
 0001:00006848       ?getStartStop@UWMap4@FH4@@QEAAXHHAEAViterator@12@0@Z 0000000180007848 f i libvcruntime:frame.obj
 0001:00006918       ?getStateFromIterators@UWMap4@FH4@@SAHAEBViterator@12@H0H0@Z 0000000180007918 f i libvcruntime:frame.obj
 0001:000069c8       ?what@exception@std@@UEBAPEBDXZ 00000001800079c8 f i libvcruntime:frame.obj
 0001:00006a10       _NLG_Notify                0000000180007a10 f   libvcruntime:notify.obj
 0001:00006a30       __NLG_Dispatch2            0000000180007a30 f   libvcruntime:notify.obj
 0001:00006a40       __NLG_Return2              0000000180007a40 f   libvcruntime:notify.obj
 0001:00006a44       __except_validate_context_record 0000000180007a44 f   libvcruntime:jbcxrval.obj
 0001:00006a7c       __vcrt_initialize_locks    0000000180007a7c f   libvcruntime:locks.obj
 0001:00006ac4       __vcrt_uninitialize_locks  0000000180007ac4 f   libvcruntime:locks.obj
 0001:00006c4c       __vcrt_FlsAlloc            0000000180007c4c f   libvcruntime:winapi_downlevel.obj
 0001:00006c94       __vcrt_FlsFree             0000000180007c94 f   libvcruntime:winapi_downlevel.obj
 0001:00006cdc       __vcrt_FlsGetValue         0000000180007cdc f   libvcruntime:winapi_downlevel.obj
 0001:00006d24       __vcrt_FlsSetValue         0000000180007d24 f   libvcruntime:winapi_downlevel.obj
 0001:00006d78       __vcrt_InitializeCriticalSectionEx 0000000180007d78 f   libvcruntime:winapi_downlevel.obj
 0001:00006e20       _CallSettingFrame          0000000180007e20 f   libvcruntime:handlers.obj
 0001:00006e60       _CallSettingFrame_LookupContinuationIndex 0000000180007e60 f   libvcruntime:handlers.obj
 0001:00006e90       _CallSettingFrame_NotifyContinuationAddr 0000000180007e90 f   libvcruntime:handlers.obj
 0001:00006ec0       _CallSettingFrameEncoded   0000000180007ec0 f   libvcruntime:handlers.obj
 0001:00006f08       __std_exception_copy       0000000180007f08 f   libvcruntime:std_exception.obj
 0001:00006f98       __std_exception_destroy    0000000180007f98 f   libvcruntime:std_exception.obj
 0001:00006fc0       _CxxThrowException         0000000180007fc0 f   libvcruntime:throw.obj
 0001:00007070       __acrt_strtok_s_novalidation 0000000180008070 f   libucrt:strtok_s.obj
 0001:0000713c       strtok_s                   000000018000813c f   libucrt:strtok_s.obj
 0001:000071f0       strpbrk                    00000001800081f0 f   libucrt:strpbrk.obj
 0001:000077c8       ?get_raw_ptd@__crt_cached_ptd_host@@QEAAPEAU__acrt_ptd@@XZ 00000001800087c8 f i libucrt:fflush.obj
 0001:00007830       __acrt_stdio_flush_nolock  0000000180008830 f   libucrt:fflush.obj
 0001:000078bc       _fflush_nolock             00000001800088bc f   libucrt:fflush.obj
 0001:00007990       _flushall                  0000000180008990 f   libucrt:fflush.obj
 0001:00007998       fflush                     0000000180008998 f   libucrt:fflush.obj
 0001:00007b24       fclose                     0000000180008b24 f   libucrt:fclose.obj
 0001:00007bbc       strncpy_s                  0000000180008bbc f   libucrt:strncpy_s.obj
 0001:00007ddc       _beginthreadex             0000000180008ddc f   libucrt:thread.obj
 0001:00007ebc       _endthreadex               0000000180008ebc f   libucrt:thread.obj
 0001:000080b8       ??$ensure_buffer_is_big_enough@D@formatting_buffer@__crt_stdio_output@@QEAA_N_KAEAV__crt_cached_ptd_host@@@Z 00000001800090b8 f i libucrt:output.obj
 0001:00008160       ??$parse_integer@KV?$c_string_character_source@D@__crt_strtox@@$0A@@__crt_strtox@@YAKAEAV__crt_cached_ptd_host@@V?$c_string_character_source@D@0@H_N@Z 0000000180009160 f i libucrt:output.obj
 0001:00008414       ??$type_case_integer@$07@?$output_processor@DV?$stream_output_adapter@D@__crt_stdio_output@@V?$standard_base@DV?$stream_output_adapter@D@__crt_stdio_output@@@2@@__crt_stdio_output@@AEAA_N_N@Z 0000000180009414 f i libucrt:output.obj
 0001:00008414       ??$type_case_integer@$07@?$output_processor@DV?$string_output_adapter@D@__crt_stdio_output@@V?$format_validation_base@DV?$string_output_adapter@D@__crt_stdio_output@@@2@@__crt_stdio_output@@AEAA_N_N@Z 0000000180009414 f i libucrt:output.obj
 0001:00008618       ??$type_case_integer@$09@?$output_processor@DV?$stream_output_adapter@D@__crt_stdio_output@@V?$standard_base@DV?$stream_output_adapter@D@__crt_stdio_output@@@2@@__crt_stdio_output@@AEAA_N_N@Z 0000000180009618 f i libucrt:output.obj
 0001:00008618       ??$type_case_integer@$09@?$output_processor@DV?$string_output_adapter@D@__crt_stdio_output@@V?$format_validation_base@DV?$string_output_adapter@D@__crt_stdio_output@@@2@@__crt_stdio_output@@AEAA_N_N@Z 0000000180009618 f i libucrt:output.obj
 0001:0000881c       ??$type_case_integer@$0BA@@?$output_processor@DV?$stream_output_adapter@D@__crt_stdio_output@@V?$standard_base@DV?$stream_output_adapter@D@__crt_stdio_output@@@2@@__crt_stdio_output@@AEAA_N_N@Z 000000018000981c f i libucrt:output.obj
 0001:0000881c       ??$type_case_integer@$0BA@@?$output_processor@DV?$string_output_adapter@D@__crt_stdio_output@@V?$format_validation_base@DV?$string_output_adapter@D@__crt_stdio_output@@@2@@__crt_stdio_output@@AEAA_N_N@Z 000000018000981c f i libucrt:output.obj
 0001:00008a20       ??$type_case_integer_parse_into_buffer@I$07@?$output_processor@DV?$stream_output_adapter@D@__crt_stdio_output@@V?$standard_base@DV?$stream_output_adapter@D@__crt_stdio_output@@@2@@__crt_stdio_output@@AEAAXI_N@Z 0000000180009a20 f i libucrt:output.obj
 0001:00008a20       ??$type_case_integer_parse_into_buffer@I$07@?$output_processor@DV?$string_output_adapter@D@__crt_stdio_output@@V?$format_validation_base@DV?$string_output_adapter@D@__crt_stdio_output@@@2@@__crt_stdio_output@@AEAAXI_N@Z 0000000180009a20 f i libucrt:output.obj
 0001:00008a90       ??$type_case_integer_parse_into_buffer@I$09@?$output_processor@DV?$stream_output_adapter@D@__crt_stdio_output@@V?$standard_base@DV?$stream_output_adapter@D@__crt_stdio_output@@@2@@__crt_stdio_output@@AEAAXI_N@Z 0000000180009a90 f i libucrt:output.obj
 0001:00008a90       ??$type_case_integer_parse_into_buffer@I$09@?$output_processor@DV?$string_output_adapter@D@__crt_stdio_output@@V?$format_validation_base@DV?$string_output_adapter@D@__crt_stdio_output@@@2@@__crt_stdio_output@@AEAAXI_N@Z 0000000180009a90 f i libucrt:output.obj
 0001:00008b3c       ??$type_case_integer_parse_into_buffer@I$0BA@@?$output_processor@DV?$stream_output_adapter@D@__crt_stdio_output@@V?$standard_base@DV?$stream_output_adapter@D@__crt_stdio_output@@@2@@__crt_stdio_output@@AEAAXI_N@Z 0000000180009b3c f i libucrt:output.obj
 0001:00008b3c       ??$type_case_integer_parse_into_buffer@I$0BA@@?$output_processor@DV?$string_output_adapter@D@__crt_stdio_output@@V?$format_validation_base@DV?$string_output_adapter@D@__crt_stdio_output@@@2@@__crt_stdio_output@@AEAAXI_N@Z 0000000180009b3c f i libucrt:output.obj
 0001:00008bc0       ??$type_case_integer_parse_into_buffer@_K$07@?$output_processor@DV?$stream_output_adapter@D@__crt_stdio_output@@V?$standard_base@DV?$stream_output_adapter@D@__crt_stdio_output@@@2@@__crt_stdio_output@@AEAAX_K_N@Z 0000000180009bc0 f i libucrt:output.obj
 0001:00008bc0       ??$type_case_integer_parse_into_buffer@_K$07@?$output_processor@DV?$string_output_adapter@D@__crt_stdio_output@@V?$format_validation_base@DV?$string_output_adapter@D@__crt_stdio_output@@@2@@__crt_stdio_output@@AEAAX_K_N@Z 0000000180009bc0 f i libucrt:output.obj
 0001:00008c30       ??$type_case_integer_parse_into_buffer@_K$09@?$output_processor@DV?$stream_output_adapter@D@__crt_stdio_output@@V?$standard_base@DV?$stream_output_adapter@D@__crt_stdio_output@@@2@@__crt_stdio_output@@AEAAX_K_N@Z 0000000180009c30 f i libucrt:output.obj
 0001:00008c30       ??$type_case_integer_parse_into_buffer@_K$09@?$output_processor@DV?$string_output_adapter@D@__crt_stdio_output@@V?$format_validation_base@DV?$string_output_adapter@D@__crt_stdio_output@@@2@@__crt_stdio_output@@AEAAX_K_N@Z 0000000180009c30 f i libucrt:output.obj
 0001:00008ce0       ??$type_case_integer_parse_into_buffer@_K$0BA@@?$output_processor@DV?$stream_output_adapter@D@__crt_stdio_output@@V?$standard_base@DV?$stream_output_adapter@D@__crt_stdio_output@@@2@@__crt_stdio_output@@AEAAX_K_N@Z 0000000180009ce0 f i libucrt:output.obj
 0001:00008ce0       ??$type_case_integer_parse_into_buffer@_K$0BA@@?$output_processor@DV?$string_output_adapter@D@__crt_stdio_output@@V?$format_validation_base@DV?$string_output_adapter@D@__crt_stdio_output@@@2@@__crt_stdio_output@@AEAAX_K_N@Z 0000000180009ce0 f i libucrt:output.obj
 0001:00008e80       ?crop_zeroes@__crt_stdio_output@@YAXPEADQEAU__crt_locale_pointers@@@Z 0000000180009e80 f i libucrt:output.obj
 0001:00008eec       ?parse_int_from_format_string@?$output_processor@DV?$stream_output_adapter@D@__crt_stdio_output@@V?$standard_base@DV?$stream_output_adapter@D@__crt_stdio_output@@@2@@__crt_stdio_output@@AEAA_NQEAH@Z 0000000180009eec f i libucrt:output.obj
 0001:00008eec       ?parse_int_from_format_string@?$output_processor@DV?$string_output_adapter@D@__crt_stdio_output@@V?$format_validation_base@DV?$string_output_adapter@D@__crt_stdio_output@@@2@@__crt_stdio_output@@AEAA_NQEAH@Z 0000000180009eec f i libucrt:output.obj
 0001:00008f7c       ?process@?$output_processor@DV?$stream_output_adapter@D@__crt_stdio_output@@V?$standard_base@DV?$stream_output_adapter@D@__crt_stdio_output@@@2@@__crt_stdio_output@@QEAAHXZ 0000000180009f7c f i libucrt:output.obj
 0001:00009300       ?process@?$output_processor@DV?$string_output_adapter@D@__crt_stdio_output@@V?$format_validation_base@DV?$string_output_adapter@D@__crt_stdio_output@@@2@@__crt_stdio_output@@QEAAHXZ 000000018000a300 f i libucrt:output.obj
 0001:00009668       ?state_case_size@?$output_processor@DV?$stream_output_adapter@D@__crt_stdio_output@@V?$standard_base@DV?$stream_output_adapter@D@__crt_stdio_output@@@2@@__crt_stdio_output@@AEAA_NXZ 000000018000a668 f i libucrt:output.obj
 0001:000097f0       ?state_case_size@?$output_processor@DV?$string_output_adapter@D@__crt_stdio_output@@V?$format_validation_base@DV?$string_output_adapter@D@__crt_stdio_output@@@2@@__crt_stdio_output@@AEAA_NXZ 000000018000a7f0 f i libucrt:output.obj
 0001:00009978       ?state_case_type@?$output_processor@DV?$stream_output_adapter@D@__crt_stdio_output@@V?$standard_base@DV?$stream_output_adapter@D@__crt_stdio_output@@@2@@__crt_stdio_output@@AEAA_NXZ 000000018000a978 f i libucrt:output.obj
 0001:00009eb0       ?state_case_type@?$output_processor@DV?$string_output_adapter@D@__crt_stdio_output@@V?$format_validation_base@DV?$string_output_adapter@D@__crt_stdio_output@@@2@@__crt_stdio_output@@AEAA_NXZ 000000018000aeb0 f i libucrt:output.obj
 0001:0000a320       ?type_case_Z@?$output_processor@DV?$stream_output_adapter@D@__crt_stdio_output@@V?$standard_base@DV?$stream_output_adapter@D@__crt_stdio_output@@@2@@__crt_stdio_output@@AEAA_NXZ 000000018000b320 f i libucrt:output.obj
 0001:0000a320       ?type_case_Z@?$output_processor@DV?$string_output_adapter@D@__crt_stdio_output@@V?$format_validation_base@DV?$string_output_adapter@D@__crt_stdio_output@@@2@@__crt_stdio_output@@AEAA_NXZ 000000018000b320 f i libucrt:output.obj
 0001:0000a39c       ?type_case_a@?$output_processor@DV?$stream_output_adapter@D@__crt_stdio_output@@V?$standard_base@DV?$stream_output_adapter@D@__crt_stdio_output@@@2@@__crt_stdio_output@@AEAA_NXZ 000000018000b39c f i libucrt:output.obj
 0001:0000a39c       ?type_case_a@?$output_processor@DV?$string_output_adapter@D@__crt_stdio_output@@V?$format_validation_base@DV?$string_output_adapter@D@__crt_stdio_output@@@2@@__crt_stdio_output@@AEAA_NXZ 000000018000b39c f i libucrt:output.obj
 0001:0000a5f8       ?type_case_c_tchar@?$output_processor@DV?$stream_output_adapter@D@__crt_stdio_output@@V?$standard_base@DV?$stream_output_adapter@D@__crt_stdio_output@@@2@@__crt_stdio_output@@AEAA_ND@Z 000000018000b5f8 f i libucrt:output.obj
 0001:0000a5f8       ?type_case_c_tchar@?$output_processor@DV?$string_output_adapter@D@__crt_stdio_output@@V?$format_validation_base@DV?$string_output_adapter@D@__crt_stdio_output@@@2@@__crt_stdio_output@@AEAA_ND@Z 000000018000b5f8 f i libucrt:output.obj
 0001:0000a6cc       ?type_case_n@?$output_processor@DV?$stream_output_adapter@D@__crt_stdio_output@@V?$standard_base@DV?$stream_output_adapter@D@__crt_stdio_output@@@2@@__crt_stdio_output@@AEAA_NXZ 000000018000b6cc f i libucrt:output.obj
 0001:0000a6cc       ?type_case_n@?$output_processor@DV?$string_output_adapter@D@__crt_stdio_output@@V?$format_validation_base@DV?$string_output_adapter@D@__crt_stdio_output@@@2@@__crt_stdio_output@@AEAA_NXZ 000000018000b6cc f i libucrt:output.obj
 0001:0000a784       ?type_case_s@?$output_processor@DV?$stream_output_adapter@D@__crt_stdio_output@@V?$standard_base@DV?$stream_output_adapter@D@__crt_stdio_output@@@2@@__crt_stdio_output@@AEAA_NXZ 000000018000b784 f i libucrt:output.obj
 0001:0000a784       ?type_case_s@?$output_processor@DV?$string_output_adapter@D@__crt_stdio_output@@V?$format_validation_base@DV?$string_output_adapter@D@__crt_stdio_output@@@2@@__crt_stdio_output@@AEAA_NXZ 000000018000b784 f i libucrt:output.obj
 0001:0000a820       ?update_locale_slow@__crt_cached_ptd_host@@AEAAXXZ 000000018000b820 f i libucrt:output.obj
 0001:0000a898       ?validate_stream_is_ansi_if_required@?$__acrt_stdio_char_traits@D@@SA_NQEAU_iobuf@@@Z 000000018000b898 f i libucrt:output.obj
 0001:0000a934       ?write_string@?$string_output_adapter@D@__crt_stdio_output@@QEBAXQEBDHQEAHAEAV__crt_cached_ptd_host@@@Z 000000018000b934 f i libucrt:output.obj
 0001:0000a9d8       ?write_string_impl@?$output_adapter_common@DV?$stream_output_adapter@D@__crt_stdio_output@@@__crt_stdio_output@@IEBAXQEBDHQEAHAEAV__crt_cached_ptd_host@@@Z 000000018000b9d8 f i libucrt:output.obj
 0001:0000aaa8       __stdio_common_vfprintf    000000018000baa8 f   libucrt:output.obj
 0001:0000abcc       __stdio_common_vsnprintf_s 000000018000bbcc f   libucrt:output.obj
 0001:0000ad90       ??0_LocaleUpdate@@QEAA@QEAU__crt_locale_pointers@@@Z 000000018000bd90 f i libucrt:strnicmp.obj
 0001:0000ae2c       __ascii_strnicmp           000000018000be2c f   libucrt:strnicmp.obj
 0001:0000ae78       _strnicmp                  000000018000be78 f   libucrt:strnicmp.obj
 0001:0000aec8       _strnicmp_l                000000018000bec8 f   libucrt:strnicmp.obj
 0001:0000b050       fgets                      000000018000c050 f   libucrt:fgets.obj
 0001:0000b11c       fopen_s                    000000018000c11c f   libucrt:fopen.obj
 0001:0000b174       ??$parse_integer@KV?$c_string_character_source@D@__crt_strtox@@$00@__crt_strtox@@YAKAEAV__crt_cached_ptd_host@@V?$c_string_character_source@D@0@H_N@Z 000000018000c174 f i libucrt:strtox.obj
 0001:0000b450       _ischartype_l              000000018000c450 f i libucrt:strtox.obj
 0001:0000b4c8       strtol                     000000018000c4c8 f   libucrt:strtox.obj
 0001:0000b6a4       setvbuf                    000000018000c6a4 f   libucrt:setvbuf.obj
 0001:0000b7dc       __ascii_stricmp            000000018000c7dc f   libucrt:stricmp.obj
 0001:0000b818       _stricmp                   000000018000c818 f   libucrt:stricmp.obj
 0001:0000b860       _stricmp_l                 000000018000c860 f   libucrt:stricmp.obj
 0001:0000b8f0       free                       000000018000c8f0 f   libucrt:free.obj
 0001:0000b900       malloc                     000000018000c900 f   libucrt:malloc.obj
 0001:0000b908       _initterm                  000000018000c908 f   libucrt:initterm.obj
 0001:0000b940       _initterm_e                000000018000c940 f   libucrt:initterm.obj
 0001:0000b97c       _seh_filter_dll            000000018000c97c f   libucrt:exception_filter.obj
 0001:0000b990       _seh_filter_exe            000000018000c990 f   libucrt:exception_filter.obj
 0001:0000bd6c       __acrt_initialize_thread_local_exit_callback 000000018000cd6c f   libucrt:exit.obj
 0001:0000bd74       _cexit                     000000018000cd74 f   libucrt:exit.obj
 0001:0000bd84       _exit                      000000018000cd84 f   libucrt:exit.obj
 0001:0000bd90       _is_c_termination_complete 000000018000cd90 f   libucrt:exit.obj
 0001:0000bf58       __acrt_allocate_buffer_for_argv 000000018000cf58 f   libucrt:argv_parsing.obj
 0001:0000bfb8       _configure_narrow_argv     000000018000cfb8 f   libucrt:argv_parsing.obj
 0001:0000c33c       __dcrt_uninitialize_environments_nolock 000000018000d33c f   libucrt:environment_initialization.obj
 0001:0000c380       _initialize_narrow_environment 000000018000d380 f   libucrt:environment_initialization.obj
 0001:0000c4dc       _execute_onexit_table      000000018000d4dc f   libucrt:onexit.obj
 0001:0000c520       _initialize_onexit_table   000000018000d520 f   libucrt:onexit.obj
 0001:0000c580       __acrt_uninitialize_command_line 000000018000d580 f   libucrt:argv_data.obj
 0001:0000c678       __acrt_initialize          000000018000d678 f   libucrt:initialization.obj
 0001:0000c68c       __acrt_thread_attach       000000018000d68c f   libucrt:initialization.obj
 0001:0000c6a0       __acrt_thread_detach       000000018000d6a0 f   libucrt:initialization.obj
 0001:0000c6b0       __acrt_uninitialize        000000018000d6b0 f   libucrt:initialization.obj
 0001:0000c6e8       __acrt_uninitialize_critical 000000018000d6e8 f   libucrt:initialization.obj
 0001:0000c6f8       terminate                  000000018000d6f8 f   libucrt:terminate.obj
 0001:0000c718       abort                      000000018000d718 f   libucrt:abort.obj
 0001:0000c770       strcpy_s                   000000018000d770 f   libucrt:strcpy_s.obj
 0001:0000c7d0       calloc                     000000018000d7d0 f   libucrt:calloc.obj
 0001:0000c7d8       wcsncmp                    000000018000d7d8 f   libucrt:wcsncmp.obj
 0001:0000c804       ?get_raw_ptd_noexit@__crt_cached_ptd_host@@QEAAPEAU__acrt_ptd@@XZ 000000018000d804 f i libucrt:invalid_parameter.obj
 0001:0000c870       ?value@?$dual_state_global@P6AXPEB_W00I_K@Z@__crt_state_management@@QEAAAEAP6AXPEB_W00I_K@ZAEAV__crt_cached_ptd_host@@@Z 000000018000d870 f i libucrt:invalid_parameter.obj
 0001:0000c8bc       __acrt_call_reportfault    000000018000d8bc f   libucrt:invalid_parameter.obj
 0001:0000ca2c       __acrt_initialize_invalid_parameter_handler 000000018000da2c f   libucrt:invalid_parameter.obj
 0001:0000ca34       _invalid_parameter         000000018000da34 f   libucrt:invalid_parameter.obj
 0001:0000cad0       _invalid_parameter_internal 000000018000dad0 f   libucrt:invalid_parameter.obj
 0001:0000cb88       _invalid_parameter_noinfo  000000018000db88 f   libucrt:invalid_parameter.obj
 0001:0000cba8       _invoke_watson             000000018000dba8 f   libucrt:invalid_parameter.obj
 0001:0000cbf0       __acrt_errno_from_os_error 000000018000dbf0 f   libucrt:errno.obj
 0001:0000ccc0       __acrt_errno_map_os_error  000000018000dcc0 f   libucrt:errno.obj
 0001:0000cce8       __acrt_errno_map_os_error_ptd 000000018000dce8 f   libucrt:errno.obj
 0001:0000cd0c       __doserrno                 000000018000dd0c f   libucrt:errno.obj
 0001:0000cd30       _errno                     000000018000dd30 f   libucrt:errno.obj
 0001:0000cd54       __acrt_initialize_locks    000000018000dd54 f   libucrt:locks.obj
 0001:0000cd9c       __acrt_lock                000000018000dd9c f   libucrt:locks.obj
 0001:0000cdb8       __acrt_uninitialize_locks  000000018000ddb8 f   libucrt:locks.obj
 0001:0000cdf0       __acrt_unlock              000000018000ddf0 f   libucrt:locks.obj
 0001:0000ce98       _commit                    000000018000de98 f   libucrt:commit.obj
 0001:0000cf2c       _fileno                    000000018000df2c f   libucrt:fileno.obj
 0001:0000cf54       __acrt_initialize_stdio    000000018000df54 f   libucrt:_file.obj
 0001:0000d074       __acrt_iob_func            000000018000e074 f   libucrt:_file.obj
 0001:0000d088       __acrt_uninitialize_stdio  000000018000e088 f   libucrt:_file.obj
 0001:0000d0e4       _lock_file                 000000018000e0e4 f   libucrt:_file.obj
 0001:0000d0f0       _unlock_file               000000018000e0f0 f   libucrt:_file.obj
 0001:0000d928       _write                     000000018000e928 f   libucrt:write.obj
 0001:0000d9c0       _write_internal            000000018000e9c0 f   libucrt:write.obj
 0001:0000dae0       _write_nolock              000000018000eae0 f   libucrt:write.obj
 0001:0000e120       ?internal_get_ptd_head_slow@@YAPEAU__acrt_ptd@@XZ 000000018000f120 f   libucrt:per_thread_data.obj
 0001:0000e240       __acrt_freeptd             000000018000f240 f   libucrt:per_thread_data.obj
 0001:0000e290       __acrt_getptd              000000018000f290 f   libucrt:per_thread_data.obj
 0001:0000e2ac       __acrt_getptd_head         000000018000f2ac f   libucrt:per_thread_data.obj
 0001:0000e2f0       __acrt_getptd_noexit       000000018000f2f0 f   libucrt:per_thread_data.obj
 0001:0000e380       __acrt_getptd_noexit_explicit 000000018000f380 f   libucrt:per_thread_data.obj
 0001:0000e3dc       __acrt_initialize_ptd      000000018000f3dc f   libucrt:per_thread_data.obj
 0001:0000e420       __acrt_uninitialize_ptd    000000018000f420 f   libucrt:per_thread_data.obj
 0001:0000e4b4       __acrt_set_locale_changed  000000018000f4b4 f   libucrt:wsetlocale.obj
 0001:0000e4c0       __acrt_uninitialize_locale 000000018000f4c0 f   libucrt:wsetlocale.obj
 0001:0000e4f0       _free_base                 000000018000f4f0 f   libucrt:free_base.obj
 0001:0000e5c0       _close_internal            000000018000f5c0 f   libucrt:close.obj
 0001:0000e684       _close_nolock              000000018000f684 f   libucrt:close.obj
 0001:0000e71c       _close_nolock_internal     000000018000f71c f   libucrt:close.obj
 0001:0000e7ec       ?__acrt_stdio_allocate_stream@@YA?AV__crt_stdio_stream@@XZ 000000018000f7ec f   libucrt:stream.obj
 0001:0000e844       ?__acrt_stdio_free_stream@@YAXV__crt_stdio_stream@@@Z 000000018000f844 f   libucrt:stream.obj
 0001:0000e94c       __acrt_stdio_free_buffer_nolock 000000018000f94c f   libucrt:_freebuf.obj
 0001:0000e990       _calloc_base               000000018000f990 f   libucrt:calloc_base.obj
 0001:0000ebbc       __acrt_AppPolicyGetProcessTerminationMethodInternal 000000018000fbbc f   libucrt:winapi_thunks.obj
 0001:0000ec18       __acrt_AppPolicyGetThreadInitializationTypeInternal 000000018000fc18 f   libucrt:winapi_thunks.obj
 0001:0000ec74       __acrt_AreFileApisANSI     000000018000fc74 f   libucrt:winapi_thunks.obj
 0001:0000ecc0       __acrt_FlsAlloc            000000018000fcc0 f   libucrt:winapi_thunks.obj
 0001:0000ecc8       __acrt_FlsFree             000000018000fcc8 f   libucrt:winapi_thunks.obj
 0001:0000ecd0       __acrt_FlsGetValue         000000018000fcd0 f   libucrt:winapi_thunks.obj
 0001:0000ecd8       __acrt_FlsGetValue2        000000018000fcd8 f   libucrt:winapi_thunks.obj
 0001:0000ece4       __acrt_FlsSetValue         000000018000fce4 f   libucrt:winapi_thunks.obj
 0001:0000ecec       __acrt_InitializeCriticalSectionEx 000000018000fcec f   libucrt:winapi_thunks.obj
 0001:0000ecf4       __acrt_LCMapStringEx       000000018000fcf4 f   libucrt:winapi_thunks.obj
 0001:0000ede8       __acrt_LocaleNameToLCID    000000018000fde8 f   libucrt:winapi_thunks.obj
 0001:0000ee4c       __acrt_RoInitialize        000000018000fe4c f   libucrt:winapi_thunks.obj
 0001:0000ee9c       __acrt_RoUninitialize      000000018000fe9c f   libucrt:winapi_thunks.obj
 0001:0000eee0       __acrt_initialize_winapi_thunks 000000018000fee0 f   libucrt:winapi_thunks.obj
 0001:0000ef10       __acrt_tls2_supported      000000018000ff10 f   libucrt:winapi_thunks.obj
 0001:0000ef54       __acrt_uninitialize_winapi_thunks 000000018000ff54 f   libucrt:winapi_thunks.obj
 0001:0000ef98       __acrt_get_begin_thread_init_policy 000000018000ff98 f   libucrt:win_policies.obj
 0001:0000efd8       __acrt_get_process_end_policy 000000018000ffd8 f   libucrt:win_policies.obj
 0001:0000f010       _malloc_base               0000000180010010 f   libucrt:malloc_base.obj
 0001:0000f070       strnlen                    0000000180010070 f   libucrt:strnlen.obj
 0001:0000f1dc       wcsnlen                    00000001800101dc f   libucrt:strnlen.obj
 0001:0000f3d0       __acrt_update_locale_info  00000001800103d0 f   libucrt:locale_update.obj
 0001:0000f404       __acrt_update_locale_info_explicit 0000000180010404 f   libucrt:locale_update.obj
 0001:0000f43c       __acrt_update_multibyte_info 000000018001043c f   libucrt:locale_update.obj
 0001:0000f470       __acrt_update_multibyte_info_explicit 0000000180010470 f   libucrt:locale_update.obj
 0001:0000ffb8       __acrt_fp_format           0000000180010fb8 f   libucrt:cvt.obj
 0001:000102a0       _wctomb_internal           00000001800112a0 f   libucrt:wctomb.obj
 0001:00010450       _mbtowc_internal           0000000180011450 f   libucrt:mbtowc.obj
 0001:000105c8       ?__mblen_utf8@__crt_mbstring@@YAHPEBD@Z 00000001800115c8 f   libucrt:mbrtoc32.obj
 0001:00010600       ?__mbrtoc32_utf8@__crt_mbstring@@YA_KPEA_UPEBD_KPEAU_Mbstatet@@AEAV__crt_cached_ptd_host@@@Z 0000000180011600 f   libucrt:mbrtoc32.obj
 0001:000107c0       ?__c16rtomb_utf8@__crt_mbstring@@YA_KPEAD_SPEAU_Mbstatet@@AEAV__crt_cached_ptd_host@@@Z 00000001800117c0 f   libucrt:c16rtomb.obj
 0001:00010864       ?__mbrtowc_utf8@__crt_mbstring@@YA_KPEA_WPEBD_KPEAU_Mbstatet@@AEAV__crt_cached_ptd_host@@@Z 0000000180011864 f   libucrt:mbrtowc.obj
 0001:000108ac       ?__mbsrtowcs_utf8@__crt_mbstring@@YA_KPEA_WPEAPEBD_KPEAU_Mbstatet@@AEAV__crt_cached_ptd_host@@@Z 00000001800118ac f   libucrt:mbrtowc.obj
 0001:00010a64       _get_printf_count_output   0000000180011a64 f   libucrt:printf_count_output.obj
 0001:00010a7c       _fputc_nolock_internal     0000000180011a7c f   libucrt:fputc.obj
 0001:00010a94       __acrt_should_use_temporary_buffer 0000000180011a94 f   libucrt:_sftbuf.obj
 0001:00010ae0       __acrt_stdio_begin_temporary_buffering_nolock 0000000180011ae0 f   libucrt:_sftbuf.obj
 0001:00010ba8       __acrt_stdio_end_temporary_buffering_nolock 0000000180011ba8 f   libucrt:_sftbuf.obj
 0001:00010df0       __acrt_initialize_lowio    0000000180011df0 f   libucrt:ioinit.obj
 0001:00010e2c       __acrt_uninitialize_lowio  0000000180011e2c f   libucrt:ioinit.obj
 0001:00010e6c       _fgetc_nolock              0000000180011e6c f   libucrt:fgetc.obj
 0001:00010eb0       _getc_nolock               0000000180011eb0 f   libucrt:fgetc.obj
 0001:00010eb8       ??$__acrt_stdio_parse_mode@D@@YA?AU__acrt_stdio_stream_mode@@QEBD@Z 0000000180011eb8 f i libucrt:openfile.obj
 0001:0001117c       _openfile                  000000018001217c f   libucrt:openfile.obj
 0001:00011218       __pctype_func              0000000180012218 f   libucrt:ctype.obj
 0001:00011248       _isctype_l                 0000000180012248 f   libucrt:isctype.obj
 0001:00011350       __acrt_app_verifier_enabled 0000000180012350 f   libucrt:peb_access.obj
 0001:0001136c       __acrt_is_secure_process   000000018001236c f   libucrt:peb_access.obj
 0001:00011398       ??$__acrt_convert_wcs_mbs_cp@D_WV<lambda_7c9dea7b4ca7285d2cdb541a38da6275>@@U__crt_win32_buffer_internal_dynamic_resizing@@@@YAHQEBDAEAV?$__crt_win32_buffer@_WU__crt_win32_buffer_internal_dynamic_resizing@@@@AEBV<lambda_7c9dea7b4ca7285d2cdb541a38da6275>@@I@Z 0000000180012398 f i libucrt:argv_wildcards.obj
 0001:00011538       ??$__acrt_convert_wcs_mbs_cp@_WDV<lambda_d8593a27d1aa8c02be35c86a17d324c4>@@U__crt_win32_buffer_internal_dynamic_resizing@@@@YAHQEB_WAEAV?$__crt_win32_buffer@DU__crt_win32_buffer_internal_dynamic_resizing@@@@AEBV<lambda_d8593a27d1aa8c02be35c86a17d324c4>@@I@Z 0000000180012538 f i libucrt:argv_wildcards.obj
 0001:00011e04       __acrt_expand_narrow_argv_wildcards 0000000180012e04 f   libucrt:argv_wildcards.obj
 0001:00011e0c       ??$__acrt_convert_wcs_mbs_cp@_WDV<lambda_f788ae46380686e8b737efdd8c720d07>@@U__crt_win32_buffer_no_resizing@@@@YAHQEB_WAEAV?$__crt_win32_buffer@DU__crt_win32_buffer_no_resizing@@@@AEBV<lambda_f788ae46380686e8b737efdd8c720d07>@@I@Z 0000000180012e0c f i libucrt:getmodulefilenamea.obj
 0001:00011f28       __acrt_GetModuleFileNameA  0000000180012f28 f   libucrt:getmodulefilenamea.obj
 0001:00012854       __acrt_initialize_multibyte 0000000180013854 f   libucrt:mbctype.obj
 0001:000128b4       __acrt_update_thread_multibyte_data 00000001800138b4 f   libucrt:mbctype.obj
 0001:000128d0       _setmbcp_nolock            00000001800138d0 f   libucrt:mbctype.obj
 0001:00012c0c       _ismbblead                 0000000180013c0c f   libucrt:ismbbyte.obj
 0001:00012c20       __acrt_initialize_command_line 0000000180013c20 f   libucrt:argv_data.obj
 0001:00012c48       __acrt_MultiByteToWideChar 0000000180013c48 f   libucrt:multibytetowidechar.obj
 0001:00012cd8       __acrt_WideCharToMultiByte 0000000180013cd8 f   libucrt:widechartomultibyte.obj
 0001:00012db8       __dcrt_get_narrow_environment_from_os 0000000180013db8 f   libucrt:get_environment_from_os.obj
 0001:00012ed0       _recalloc_base             0000000180013ed0 f   libucrt:recalloc.obj
 0001:00012f70       _recalloc                  0000000180013f70 f   libucrt:recalloc.obj
 0001:00012f80       _get_heap_handle           0000000180013f80 f   libucrt:heap_handle.obj
 0001:00012f90       __acrt_initialize_heap     0000000180013f90 f   libucrt:heap_handle.obj
 0001:00012fc0       __acrt_uninitialize_heap   0000000180013fc0 f   libucrt:heap_handle.obj
 0001:00012fe0       __acrt_getheap             0000000180013fe0 f   libucrt:heap_handle.obj
 0001:00012fe8       __acrt_execute_initializers 0000000180013fe8 f   libucrt:shared_initialization.obj
 0001:00013068       __acrt_execute_uninitializers 0000000180014068 f   libucrt:shared_initialization.obj
 0001:000130b0       _callnewh                  00000001800140b0 f   libucrt:new_handler.obj
 0001:000130f0       __acrt_initialize_new_handler 00000001800140f0 f   libucrt:new_handler.obj
 0001:00013100       _query_new_handler         0000000180014100 f   libucrt:new_handler.obj
 0001:00013140       _set_new_handler           0000000180014140 f   libucrt:new_handler.obj
 0001:000131a0       ?_set_new_handler@@YAP6AH_K@ZH@Z 00000001800141a0 f   libucrt:new_handler.obj
 0001:000131f4       __acrt_get_sigabrt_handler 00000001800141f4 f   libucrt:signal.obj
 0001:00013224       __acrt_initialize_signal_handlers 0000000180014224 f   libucrt:signal.obj
 0001:00013244       raise                      0000000180014244 f   libucrt:signal.obj
 0001:000134a0       __acrt_has_user_matherr    00000001800144a0 f   libucrt:matherr.obj
 0001:000134c0       __acrt_initialize_user_matherr 00000001800144c0 f   libucrt:matherr.obj
 0001:000134d0       __acrt_invoke_user_matherr 00000001800144d0 f   libucrt:matherr.obj
 0001:00013500       __acrt_lowio_create_handle_array 0000000180014500 f   libucrt:osfinfo.obj
 0001:000135a8       __acrt_lowio_destroy_handle_array 00000001800145a8 f   libucrt:osfinfo.obj
 0001:000135f8       __acrt_lowio_ensure_fh_exists 00000001800145f8 f   libucrt:osfinfo.obj
 0001:000136a0       __acrt_lowio_lock_fh       00000001800146a0 f   libucrt:osfinfo.obj
 0001:000136c8       __acrt_lowio_set_os_handle 00000001800146c8 f   libucrt:osfinfo.obj
 0001:00013788       __acrt_lowio_unlock_fh     0000000180014788 f   libucrt:osfinfo.obj
 0001:000137b0       _alloc_osfhnd              00000001800147b0 f   libucrt:osfinfo.obj
 0001:000138f0       _free_osfhnd               00000001800148f0 f   libucrt:osfinfo.obj
 0001:000139ac       _get_osfhandle             00000001800149ac f   libucrt:osfinfo.obj
 0001:00013a24       _fcloseall                 0000000180014a24 f   libucrt:closeall.obj
 0001:00013ad8       _isatty                    0000000180014ad8 f   libucrt:isatty.obj
 0001:00013d08       _lseeki64                  0000000180014d08 f   libucrt:lseek.obj
 0001:00013da4       _lseeki64_nolock           0000000180014da4 f   libucrt:lseek.obj
 0001:00013e40       _lseeki64_nolock_internal  0000000180014e40 f   libucrt:lseek.obj
 0001:00013e48       _putwch_nolock             0000000180014e48 f   libucrt:putwch.obj
 0001:000143b4       _read                      00000001800153b4 f   libucrt:read.obj
 0001:000144d4       _read_nolock               00000001800154d4 f   libucrt:read.obj
 0001:00014934       __acrt_add_locale_ref      0000000180015934 f   libucrt:locale_refcounting.obj
 0001:000149c0       __acrt_free_locale         00000001800159c0 f   libucrt:locale_refcounting.obj
 0001:00014b38       __acrt_locale_add_lc_time_reference 0000000180015b38 f   libucrt:locale_refcounting.obj
 0001:00014b60       __acrt_locale_free_lc_time_if_unreferenced 0000000180015b60 f   libucrt:locale_refcounting.obj
 0001:00014b98       __acrt_locale_release_lc_time_reference 0000000180015b98 f   libucrt:locale_refcounting.obj
 0001:00014bc0       __acrt_release_locale_ref  0000000180015bc0 f   libucrt:locale_refcounting.obj
 0001:00014c68       __acrt_update_thread_locale_data 0000000180015c68 f   libucrt:locale_refcounting.obj
 0001:00014cd8       _updatetlocinfoEx_nolock   0000000180015cd8 f   libucrt:locale_refcounting.obj
 0001:00014d40       __acrt_locale_free_monetary 0000000180015d40 f   libucrt:initmon.obj
 0001:00014e4c       __acrt_locale_free_numeric 0000000180015e4c f   libucrt:initnum.obj
 0001:00014eec       __acrt_locale_free_time    0000000180015eec f   libucrt:inittime.obj
 0001:00014ff4       __acrt_GetStringTypeA      0000000180015ff4 f   libucrt:getstringtypea.obj
 0001:00015190       _query_new_mode            0000000180016190 f   libucrt:new_mode.obj
 0001:000151a0       _set_new_mode              00000001800161a0 f   libucrt:new_mode.obj
 0001:000151cc       __acrt_DownlevelLocaleNameToLCID 00000001800161cc f   libucrt:lcidtoname_downlevel.obj
 0001:00015344       __acrt_fp_strflt_to_string 0000000180016344 f   libucrt:_fptostr.obj
 0001:00015460       ?divide@__crt_strtox@@YA_KAEAUbig_integer@1@AEBU21@@Z 0000000180016460 f i libucrt:cfout.obj
 0001:000158ec       __acrt_fltout              00000001800168ec f   libucrt:cfout.obj
 0001:00016c00       fegetround                 0000000180017c00 f   libucrt:fegetround.obj
 0001:00016c14       ?__c32rtomb_utf8@__crt_mbstring@@YA_KPEAD_UPEAU_Mbstatet@@AEAV__crt_cached_ptd_host@@@Z 0000000180017c14 f   libucrt:c32rtomb.obj
 0001:00016cb8       ?reset_and_return@__crt_mbstring@@YA_K_KPEAU_Mbstatet@@@Z 0000000180017cb8 f   libucrt:common_utf8.obj
 0001:00016cc0       ?return_illegal_sequence@__crt_mbstring@@YA_KPEAU_Mbstatet@@AEAV__crt_cached_ptd_host@@@Z 0000000180017cc0 f   libucrt:common_utf8.obj
 0001:00016e54       __acrt_stdio_flush_and_write_narrow_nolock 0000000180017e54 f   libucrt:_flsbuf.obj
 0001:00016f20       __acrt_stdio_refill_and_read_narrow_nolock 0000000180017f20 f   libucrt:_filbuf.obj
 0001:0001708c       __ascii_wcsnicmp           000000018001808c f   libucrt:wcsnicmp.obj
 0001:000176f4       _sopen_nolock              00000001800186f4 f   libucrt:open.obj
 0001:00017810       _sopen_s                   0000000180018810 f   libucrt:open.obj
 0001:00017844       _wsopen_nolock             0000000180018844 f   libucrt:open.obj
 0001:00017c60       qsort                      0000000180018c60 f   libucrt:qsort.obj
 0001:00017ff8       _mbsdec                    0000000180018ff8 f   libucrt:mbsdec.obj
 0001:00018000       _mbsdec_l                  0000000180019000 f   libucrt:mbsdec.obj
 0001:000183c8       __acrt_LCMapStringA        00000001800193c8 f   libucrt:lcmapstringa.obj
 0001:00018480       _msize_base                0000000180019480 f   libucrt:msize.obj
 0001:000184c0       _msize                     00000001800194c0 f   libucrt:msize.obj
 0001:000184d0       _realloc_base              00000001800194d0 f   libucrt:realloc_base.obj
 0001:0001854c       _query_app_type            000000018001954c f   libucrt:report_runtime_error.obj
 0001:00018554       __dcrt_lowio_ensure_console_output_initialized 0000000180019554 f   libucrt:initcon.obj
 0001:000185a8       __dcrt_terminate_console_output 00000001800195a8 f   libucrt:initcon.obj
 0001:000185c4       __dcrt_write_console       00000001800195c4 f   libucrt:initcon.obj
 0001:00018690       _controlfp_s               0000000180019690 f   libucrt:contrlfp.obj
 0001:00018700       fegetenv                   0000000180019700 f   libucrt:fegetenv.obj
 0001:00018720       fesetenv                   0000000180019720 f   libucrt:fesetenv.obj
 0001:00018790       feholdexcept               0000000180019790 f   libucrt:feholdexcept.obj
 0001:000187f0       ceil                       00000001800197f0 f   libucrt:ceil.obj
 0001:000188c0       log10                      00000001800198c0 f   libucrt:log10.obj
 0001:00018e70       __acrt_fenv_get_common_round_control 0000000180019e70 f   libucrt:_fenvutils.obj
 0001:00018e80       __acrt_fenv_get_control    0000000180019e80 f   libucrt:_fenvutils.obj
 0001:00018f60       __acrt_fenv_get_status     0000000180019f60 f   libucrt:_fenvutils.obj
 0001:00018fc0       __acrt_fenv_set_control    0000000180019fc0 f   libucrt:_fenvutils.obj
 0001:000190f0       __acrt_fenv_set_status     000000018001a0f0 f   libucrt:_fenvutils.obj
 0001:00019164       __acrt_stdio_allocate_buffer_nolock 000000018001a164 f   libucrt:_getbuf.obj
 0001:000191d0       _get_fmode                 000000018001a1d0 f   libucrt:setmode.obj
 0001:00019200       _setmode_nolock            000000018001a200 f   libucrt:setmode.obj
 0001:000192e4       _chsize_nolock             000000018001a2e4 f   libucrt:chsize.obj
 0001:0001937c       _chsize_nolock_internal    000000018001a37c f   libucrt:chsize.obj
 0001:0001950c       _guard_check_icall         000000018001a50c f i libucrt:checkcfg.obj
 0001:00019524       __strncnt                  000000018001a524 f   libucrt:strncnt.obj
 0001:0001953c       _clearfp                   000000018001a53c f   libucrt:ieee.obj
 0001:00019598       _control87                 000000018001a598 f   libucrt:ieee.obj
 0001:00019950       _handle_error              000000018001a950 f   libucrt:libm_error.obj
 0001:00019a90       _handle_nan                000000018001aa90 f   libucrt:libm_error.obj
 0001:00019ab0       ceil_sse41                 000000018001aab0 f   libucrt:floorceil_sse41.obj
 0001:00019ac0       __acrt_initialize_fma3     000000018001aac0 f   libucrt:fma3_available.obj
 0001:00019b74       _log10_special             000000018001ab74 f   libucrt:log_special.obj
 0001:00019c2c       __acrt_initialize_fmode    000000018001ac2c f   libucrt:txtmode.obj
 0001:00019c44       _clrfp                     000000018001ac44 f   libucrt:fpctrl.obj
 0001:00019c64       _ctrlfp                    000000018001ac64 f   libucrt:fpctrl.obj
 0001:00019cd8       _get_fpcsr                 000000018001acd8 f   libucrt:fpctrl.obj
 0001:00019cd8       _get_fpsr                  000000018001acd8 f   libucrt:fpctrl.obj
 0001:00019ce4       _set_fpcsr                 000000018001ace4 f   libucrt:fpctrl.obj
 0001:00019ce4       _set_fpsr                  000000018001ace4 f   libucrt:fpctrl.obj
 0001:00019cf0       _set_statfp                000000018001acf0 f   libucrt:fpctrl.obj
 0001:00019d10       _statfp                    000000018001ad10 f   libucrt:fpctrl.obj
 0001:00019d20       _raise_exc                 000000018001ad20 f   libucrt:fpexcept.obj
 0001:00019d50       _raise_exc_ex              000000018001ad50 f   libucrt:fpexcept.obj
 0001:0001a060       _set_errno_from_matherr    000000018001b060 f   libucrt:fpexcept.obj
 0001:0001a094       __GSHandlerCheck           000000018001b094 f   LIBCMT:gshandler.obj
 0001:0001a0b4       __GSHandlerCheckCommon     000000018001b0b4 f   LIBCMT:gshandler.obj
 0001:0001a110       _FindPESection             000000018001b110 f   LIBCMT:pesect.obj
 0001:0001a160       _IsNonwritableInCurrentImage 000000018001b160 f   LIBCMT:pesect.obj
 0001:0001a1b0       _ValidateImageBase         000000018001b1b0 f   LIBCMT:pesect.obj
 0001:0001a1dc       __GSHandlerCheck_SEH       000000018001b1dc f   LIBCMT:gshandlerseh.obj
 0001:0001a264       __GSHandlerCheck_EH        000000018001b264 f   LIBCMT:gshandlereh.obj
 0001:0001a300       __chkstk                   000000018001b300 f   LIBCMT:chkstk.obj
 0001:0001a300       _alloca_probe              000000018001b300 f   LIBCMT:chkstk.obj
 0001:0001a350       __C_specific_handler_noexcept 000000018001b350 f   libvcruntime:chandler_noexcept.obj
 0001:0001a3a0       __GSHandlerCheck_EH4       000000018001b3a0 f   LIBCMT:gshandlereh4.obj
 0001:0001a430       _guard_dispatch_icall_nop  000000018001b430 f   LIBCMT:guard_dispatch.obj
 0001:0001a450       _guard_xfg_dispatch_icall_nop 000000018001b450 f   LIBCMT:guard_xfg_dispatch.obj
 0001:0001a470       _guard_dispatch_icall      000000018001b470 f   libucrt:dispatchcfg.obj
 0001:0001a470       _guard_dispatch_icall_$fo_default$ 000000018001b470     libucrt:dispatchcfg.obj
 0001:0001a4a0       memset_repstos             000000018001b4a0 f   libvcruntime:memset.obj
 0001:0001a4b0       memset                     000000018001b4b0 f   libvcruntime:memset.obj
 0001:0001a860       memcpy_repmovs             000000018001b860 f   libvcruntime:memcpy.obj
 0001:0001a870       memcpy                     000000018001b870 f   libvcruntime:memcpy.obj
 0001:0001a870       memcpy_$fo_default$        000000018001b870     libvcruntime:memcpy.obj
 0001:0001a870       memmove                    000000018001b870 f   libvcruntime:memcpy.obj
 0001:0001aef0       strncmp                    000000018001bef0 f   libucrt:strncmp.obj
 0002:00000000       __imp_GetModuleFileNameA   000000018001d000     kernel32:KERNEL32.dll
 0002:00000008       __imp_Process32First       000000018001d008     kernel32:KERNEL32.dll
 0002:00000010       __imp_FindFirstFileA       000000018001d010     kernel32:KERNEL32.dll
 0002:00000018       __imp_EnterCriticalSection 000000018001d018     kernel32:KERNEL32.dll
 0002:00000020       __imp_OutputDebugStringA   000000018001d020     kernel32:KERNEL32.dll
 0002:00000028       __imp_FindNextFileA        000000018001d028     kernel32:KERNEL32.dll
 0002:00000030       __imp_LeaveCriticalSection 000000018001d030     kernel32:KERNEL32.dll
 0002:00000038       __imp_InitializeCriticalSection 000000018001d038     kernel32:KERNEL32.dll
 0002:00000040       __imp_GetEnvironmentVariableA 000000018001d040     kernel32:KERNEL32.dll
 0002:00000048       __imp_FindClose            000000018001d048     kernel32:KERNEL32.dll
 0002:00000050       __imp_WaitForSingleObject  000000018001d050     kernel32:KERNEL32.dll
 0002:00000058       __imp_GetModuleHandleA     000000018001d058     kernel32:KERNEL32.dll
 0002:00000060       __imp_OpenProcess          000000018001d060     kernel32:KERNEL32.dll
 0002:00000068       __imp_CreateToolhelp32Snapshot 000000018001d068     kernel32:KERNEL32.dll
 0002:00000070       __imp_GetExitCodeThread    000000018001d070     kernel32:KERNEL32.dll
 0002:00000078       __imp_K32GetModuleFileNameExA 000000018001d078     kernel32:KERNEL32.dll
 0002:00000080       __imp_GetLastError         000000018001d080     kernel32:KERNEL32.dll
 0002:00000088       __imp_GetFileAttributesA   000000018001d088     kernel32:KERNEL32.dll
 0002:00000090       __imp_DisableThreadLibraryCalls 000000018001d090     kernel32:KERNEL32.dll
 0002:00000098       __imp_Process32Next        000000018001d098     kernel32:KERNEL32.dll
 0002:000000a0       __imp_CloseHandle          000000018001d0a0     kernel32:KERNEL32.dll
 0002:000000a8       __imp_GetProcAddress       000000018001d0a8     kernel32:KERNEL32.dll
 0002:000000b0       __imp_DeleteCriticalSection 000000018001d0b0     kernel32:KERNEL32.dll
 0002:000000b8       __imp_SetEnvironmentVariableA 000000018001d0b8     kernel32:KERNEL32.dll
 0002:000000c0       __imp_CreateDirectoryA     000000018001d0c0     kernel32:KERNEL32.dll
 0002:000000c8       __imp_IsDebuggerPresent    000000018001d0c8     kernel32:KERNEL32.dll
 0002:000000d0       __imp_SetEndOfFile         000000018001d0d0     kernel32:KERNEL32.dll
 0002:000000d8       __imp_WriteConsoleW        000000018001d0d8     kernel32:KERNEL32.dll
 0002:000000e0       __imp_HeapReAlloc          000000018001d0e0     kernel32:KERNEL32.dll
 0002:000000e8       __imp_HeapSize             000000018001d0e8     kernel32:KERNEL32.dll
 0002:000000f0       __imp_RtlCaptureContext    000000018001d0f0     kernel32:KERNEL32.dll
 0002:000000f8       __imp_RtlLookupFunctionEntry 000000018001d0f8     kernel32:KERNEL32.dll
 0002:00000100       __imp_RtlVirtualUnwind     000000018001d100     kernel32:KERNEL32.dll
 0002:00000108       __imp_UnhandledExceptionFilter 000000018001d108     kernel32:KERNEL32.dll
 0002:00000110       __imp_SetUnhandledExceptionFilter 000000018001d110     kernel32:KERNEL32.dll
 0002:00000118       __imp_GetCurrentProcess    000000018001d118     kernel32:KERNEL32.dll
 0002:00000120       __imp_TerminateProcess     000000018001d120     kernel32:KERNEL32.dll
 0002:00000128       __imp_IsProcessorFeaturePresent 000000018001d128     kernel32:KERNEL32.dll
 0002:00000130       __imp_QueryPerformanceCounter 000000018001d130     kernel32:KERNEL32.dll
 0002:00000138       __imp_GetCurrentProcessId  000000018001d138     kernel32:KERNEL32.dll
 0002:00000140       __imp_GetCurrentThreadId   000000018001d140     kernel32:KERNEL32.dll
 0002:00000148       __imp_GetSystemTimeAsFileTime 000000018001d148     kernel32:KERNEL32.dll
 0002:00000150       __imp_InitializeSListHead  000000018001d150     kernel32:KERNEL32.dll
 0002:00000158       __imp_GetStartupInfoW      000000018001d158     kernel32:KERNEL32.dll
 0002:00000160       __imp_GetModuleHandleW     000000018001d160     kernel32:KERNEL32.dll
 0002:00000168       __imp_RtlUnwindEx          000000018001d168     kernel32:KERNEL32.dll
 0002:00000170       __imp_InterlockedFlushSList 000000018001d170     kernel32:KERNEL32.dll
 0002:00000178       __imp_SetLastError         000000018001d178     kernel32:KERNEL32.dll
 0002:00000180       __imp_EncodePointer        000000018001d180     kernel32:KERNEL32.dll
 0002:00000188       __imp_RaiseException       000000018001d188     kernel32:KERNEL32.dll
 0002:00000190       __imp_InitializeCriticalSectionAndSpinCount 000000018001d190     kernel32:KERNEL32.dll
 0002:00000198       __imp_TlsAlloc             000000018001d198     kernel32:KERNEL32.dll
 0002:000001a0       __imp_TlsGetValue          000000018001d1a0     kernel32:KERNEL32.dll
 0002:000001a8       __imp_TlsSetValue          000000018001d1a8     kernel32:KERNEL32.dll
 0002:000001b0       __imp_TlsFree              000000018001d1b0     kernel32:KERNEL32.dll
 0002:000001b8       __imp_FreeLibrary          000000018001d1b8     kernel32:KERNEL32.dll
 0002:000001c0       __imp_LoadLibraryExW       000000018001d1c0     kernel32:KERNEL32.dll
 0002:000001c8       __imp_RtlPcToFileHeader    000000018001d1c8     kernel32:KERNEL32.dll
 0002:000001d0       __imp_CreateThread         000000018001d1d0     kernel32:KERNEL32.dll
 0002:000001d8       __imp_ExitThread           000000018001d1d8     kernel32:KERNEL32.dll
 0002:000001e0       __imp_FreeLibraryAndExitThread 000000018001d1e0     kernel32:KERNEL32.dll
 0002:000001e8       __imp_GetModuleHandleExW   000000018001d1e8     kernel32:KERNEL32.dll
 0002:000001f0       __imp_ExitProcess          000000018001d1f0     kernel32:KERNEL32.dll
 0002:000001f8       __imp_GetModuleFileNameW   000000018001d1f8     kernel32:KERNEL32.dll
 0002:00000200       __imp_FlushFileBuffers     000000018001d200     kernel32:KERNEL32.dll
 0002:00000208       __imp_WriteFile            000000018001d208     kernel32:KERNEL32.dll
 0002:00000210       __imp_GetConsoleOutputCP   000000018001d210     kernel32:KERNEL32.dll
 0002:00000218       __imp_GetConsoleMode       000000018001d218     kernel32:KERNEL32.dll
 0002:00000220       __imp_HeapFree             000000018001d220     kernel32:KERNEL32.dll
 0002:00000228       __imp_HeapAlloc            000000018001d228     kernel32:KERNEL32.dll
 0002:00000230       __imp_FlsAlloc             000000018001d230     kernel32:KERNEL32.dll
 0002:00000238       __imp_FlsGetValue          000000018001d238     kernel32:KERNEL32.dll
 0002:00000240       __imp_FlsSetValue          000000018001d240     kernel32:KERNEL32.dll
 0002:00000248       __imp_FlsFree              000000018001d248     kernel32:KERNEL32.dll
 0002:00000250       __imp_InitializeCriticalSectionEx 000000018001d250     kernel32:KERNEL32.dll
 0002:00000258       __imp_VirtualProtect       000000018001d258     kernel32:KERNEL32.dll
 0002:00000260       __imp_LCMapStringW         000000018001d260     kernel32:KERNEL32.dll
 0002:00000268       __imp_GetStdHandle         000000018001d268     kernel32:KERNEL32.dll
 0002:00000270       __imp_GetFileType          000000018001d270     kernel32:KERNEL32.dll
 0002:00000278       __imp_FindFirstFileExW     000000018001d278     kernel32:KERNEL32.dll
 0002:00000280       __imp_FindNextFileW        000000018001d280     kernel32:KERNEL32.dll
 0002:00000288       __imp_IsValidCodePage      000000018001d288     kernel32:KERNEL32.dll
 0002:00000290       __imp_GetACP               000000018001d290     kernel32:KERNEL32.dll
 0002:00000298       __imp_GetOEMCP             000000018001d298     kernel32:KERNEL32.dll
 0002:000002a0       __imp_GetCPInfo            000000018001d2a0     kernel32:KERNEL32.dll
 0002:000002a8       __imp_GetCommandLineA      000000018001d2a8     kernel32:KERNEL32.dll
 0002:000002b0       __imp_GetCommandLineW      000000018001d2b0     kernel32:KERNEL32.dll
 0002:000002b8       __imp_MultiByteToWideChar  000000018001d2b8     kernel32:KERNEL32.dll
 0002:000002c0       __imp_WideCharToMultiByte  000000018001d2c0     kernel32:KERNEL32.dll
 0002:000002c8       __imp_GetEnvironmentStringsW 000000018001d2c8     kernel32:KERNEL32.dll
 0002:000002d0       __imp_FreeEnvironmentStringsW 000000018001d2d0     kernel32:KERNEL32.dll
 0002:000002d8       __imp_GetProcessHeap       000000018001d2d8     kernel32:KERNEL32.dll
 0002:000002e0       __imp_SetStdHandle         000000018001d2e0     kernel32:KERNEL32.dll
 0002:000002e8       __imp_SetFilePointerEx     000000018001d2e8     kernel32:KERNEL32.dll
 0002:000002f0       __imp_ReadFile             000000018001d2f0     kernel32:KERNEL32.dll
 0002:000002f8       __imp_ReadConsoleW         000000018001d2f8     kernel32:KERNEL32.dll
 0002:00000300       __imp_GetStringTypeW       000000018001d300     kernel32:KERNEL32.dll
 0002:00000308       __imp_GetFileSizeEx        000000018001d308     kernel32:KERNEL32.dll
 0002:00000310       __imp_CreateFileW          000000018001d310     kernel32:KERNEL32.dll
 0002:00000318       \177KERNEL32_NULL_THUNK_DATA 000000018001d318     kernel32:KERNEL32.dll
 0002:00000320       __imp_SHGetFolderPathA     000000018001d320     shell32:SHELL32.dll
 0002:00000328       \177SHELL32_NULL_THUNK_DATA 000000018001d328     shell32:SHELL32.dll
 0002:00000330       __imp_PathRemoveFileSpecA  000000018001d330     shlwapi:SHLWAPI.dll
 0002:00000338       \177SHLWAPI_NULL_THUNK_DATA 000000018001d338     shlwapi:SHLWAPI.dll
 0002:00000340       __guard_check_icall_fptr   000000018001d340     LIBCMT:guard_support.obj
 0002:00000348       __guard_xfg_check_icall_fptr 000000018001d348     LIBCMT:guard_support.obj
 0002:00000350       __guard_dispatch_icall_fptr 000000018001d350     LIBCMT:guard_support.obj
 0002:00000358       __guard_xfg_dispatch_icall_fptr 000000018001d358     LIBCMT:guard_support.obj
 0002:00000360       __guard_xfg_table_dispatch_icall_fptr 000000018001d360     LIBCMT:guard_support.obj
 0002:00000368       __castguard_check_failure_os_handled_fptr 000000018001d368     LIBCMT:guard_support.obj
 0002:00000370       __guard_memcpy_fptr        000000018001d370     libvcruntime:softmemtag.obj
 0002:00000378       __xc_a                     000000018001d378     LIBCMT:initializers.obj
 0002:00000380       __xc_z                     000000018001d380     LIBCMT:initializers.obj
 0002:00000388       __xi_a                     000000018001d388     LIBCMT:initializers.obj
 0002:00000390       __acrt_stdio_initializer   000000018001d390     libucrt:stdio_initializer.obj
 0002:00000398       __acrt_multibyte_initializer 000000018001d398     libucrt:multibyte_initializer.obj
 0002:000003a0       __acrt_tran_fma3_initializer 000000018001d3a0     libucrt:fma3_initializer.obj
 0002:000003a8       __acrt_fmode_initializer   000000018001d3a8     libucrt:fmode_initializer.obj
 0002:000003b0       __xi_z                     000000018001d3b0     LIBCMT:initializers.obj
 0002:000003b8       __xp_a                     000000018001d3b8     LIBCMT:initializers.obj
 0002:000003c0       __acrt_locale_terminator   000000018001d3c0     libucrt:locale_initializer.obj
 0002:000003c8       __dcrt_console_output_terminator 000000018001d3c8     libucrt:console_output_initializer.obj
 0002:000003d0       __acrt_stdio_terminator    000000018001d3d0     libucrt:stdio_initializer.obj
 0002:000003d8       __xp_z                     000000018001d3d8     LIBCMT:initializers.obj
 0002:000003e0       __xt_a                     000000018001d3e0     LIBCMT:initializers.obj
 0002:000003e8       __xt_z                     000000018001d3e8     LIBCMT:initializers.obj
 0002:00000408       ??_7type_info@@6B@         000000018001d408     LIBCMT:std_type_info_static.obj
 0002:00000410       _pDefaultRawDllMain        000000018001d410     LIBCMT:dll_dllmain.obj
 0002:00000410       _pRawDllMain               000000018001d410     LIBCMT:dll_dllmain.obj
 0002:00000420       __xmm@ffffffffffffffffffffffffffffffff 000000018001d420     LIBCMT:utility.obj
 0002:00000430       ?s_negLengthTab@FH4@@3QBCB 000000018001d430     libvcruntime:risctrnsctrl.obj
 0002:00000440       ?s_shiftTab@FH4@@3QBEB     000000018001d440     libvcruntime:risctrnsctrl.obj
 0002:00000588       _pDestructExceptionObject  000000018001d588     libvcruntime:ehhelpers.obj
 0002:00000598       ??_7exception@std@@6B@     000000018001d598     libvcruntime:frame.obj
 0002:000005a8       ??_C@_0BC@EOODALEL@Unknown?5exception@ 000000018001d5a8     libvcruntime:frame.obj
 0002:000005c8       ??_7bad_exception@std@@6B@ 000000018001d5c8     libvcruntime:frame.obj
 0002:000005d8       ??_C@_0O@DPKOEFFH@bad?5exception@ 000000018001d5d8     libvcruntime:frame.obj
 0002:00000d00       ??_C@_08EHJDFFNH@__based?$CI@ 000000018001dd00     libvcruntime:undname.obj
 0002:00000d10       ??_C@_07KOLFKCDI@__cdecl@  000000018001dd10     libvcruntime:undname.obj
 0002:00000d18       ??_C@_08GHMPAG@__pascal@   000000018001dd18     libvcruntime:undname.obj
 0002:00000d28       ??_C@_09IFJBGAPI@__stdcall@ 000000018001dd28     libvcruntime:undname.obj
 0002:00000d38       ??_C@_0L@NPHFGOKO@__thiscall@ 000000018001dd38     libvcruntime:undname.obj
 0002:00000d48       ??_C@_0L@JMKHOMEK@__fastcall@ 000000018001dd48     libvcruntime:undname.obj
 0002:00000d58       ??_C@_0N@BCKKPABJ@__vectorcall@ 000000018001dd58     libvcruntime:undname.obj
 0002:00000d68       ??_C@_09HIJEGCPM@__clrcall@ 000000018001dd68     libvcruntime:undname.obj
 0002:00000d74       ??_C@_06GHPCKEAG@__eabi@   000000018001dd74     libvcruntime:undname.obj
 0002:00000d80       ??_C@_09IOPIDJLG@__swift_1@ 000000018001dd80     libvcruntime:undname.obj
 0002:00000d90       ??_C@_09KFNFGKHF@__swift_2@ 000000018001dd90     libvcruntime:undname.obj
 0002:00000da0       ??_C@_09LMMOFLDE@__swift_3@ 000000018001dda0     libvcruntime:undname.obj
 0002:00000db0       ??_C@_07JOMMBBKO@__ptr64@  000000018001ddb0     libvcruntime:undname.obj
 0002:00000db8       ??_C@_0L@PILCLIHE@__restrict@ 000000018001ddb8     libvcruntime:undname.obj
 0002:00000dc8       ??_C@_0M@GFIIJFMG@__unaligned@ 000000018001ddc8     libvcruntime:undname.obj
 0002:00000dd8       ??_C@_09DHDLOLLB@restrict?$CI@ 000000018001ddd8     libvcruntime:undname.obj
 0002:00000de2       ??_C@_00CNPNBAHC@@         000000018001dde2     libvcruntime:undname.obj
 0002:00000de4       ??_C@_04NIHEBCM@?5new@     000000018001dde4     libvcruntime:undname.obj
 0002:00000df0       ??_C@_07FPCDHGMM@?5delete@ 000000018001ddf0     libvcruntime:undname.obj
 0002:00000df8       ??_C@_01NEMOKFLO@?$DN@     000000018001ddf8     libvcruntime:undname.obj
 0002:00000dfc       ??_C@_02GPIOPFAK@?$DO?$DO@ 000000018001ddfc     libvcruntime:undname.obj
 0002:00000e00       ??_C@_02FODMEDOG@?$DM?$DM@ 000000018001de00     libvcruntime:undname.obj
 0002:00000e04       ??_C@_01DCLJPIOD@?$CB@     000000018001de04     libvcruntime:undname.obj
 0002:00000e08       ??_C@_02EGOFBIJA@?$DN?$DN@ 000000018001de08     libvcruntime:undname.obj
 0002:00000e0c       ??_C@_02FDNJECIE@?$CB?$DN@ 000000018001de0c     libvcruntime:undname.obj
 0002:00000e10       ??_C@_02GPECMEKF@?$FL?$FN@ 000000018001de10     libvcruntime:undname.obj
 0002:00000e18       ??_C@_08LHJFAFGD@operator@ 000000018001de18     libvcruntime:undname.obj
 0002:00000e24       ??_C@_02HBOOOICD@?9?$DO@   000000018001de24     libvcruntime:undname.obj
 0002:00000e28       ??_C@_01NBENCBCI@?$CK@     000000018001de28     libvcruntime:undname.obj
 0002:00000e2c       ??_C@_02ECNGHCIF@?$CL?$CL@ 000000018001de2c     libvcruntime:undname.obj
 0002:00000e30       ??_C@_02BAABKJLB@?9?9@     000000018001de30     libvcruntime:undname.obj
 0002:00000e34       ??_C@_01JOAMLHOP@?9@       000000018001de34     libvcruntime:undname.obj
 0002:00000e38       ??_C@_01MIFGBAGJ@?$CL@     000000018001de38     libvcruntime:undname.obj
 0002:00000e3c       ??_C@_01HNPIGOCE@?$CG@     000000018001de3c     libvcruntime:undname.obj
 0002:00000e40       ??_C@_03MNHNFDLC@?9?$DO?$CK@ 000000018001de40     libvcruntime:undname.obj
 0002:00000e44       ??_C@_01KMDKNFGN@?1@       000000018001de44     libvcruntime:undname.obj
 0002:00000e48       ??_C@_01FGNFDNOH@?$CF@     000000018001de48     libvcruntime:undname.obj
 0002:00000e4c       ??_C@_01MNNFJEPP@?$DM@     000000018001de4c     libvcruntime:undname.obj
 0002:00000e50       ??_C@_02EHCHHCKH@?$DM?$DN@ 000000018001de50     libvcruntime:undname.obj
 0002:00000e54       ??_C@_01PPODPGHN@?$DO@     000000018001de54     libvcruntime:undname.obj
 0002:00000e58       ??_C@_02EEKDKGMJ@?$DO?$DN@ 000000018001de58     libvcruntime:undname.obj
 0002:00000e5c       ??_C@_01IHBHIGKO@?0@       000000018001de5c     libvcruntime:undname.obj
 0002:00000e60       ??_C@_02HCKGKOFO@?$CI?$CJ@ 000000018001de60     libvcruntime:undname.obj
 0002:00000e64       ??_C@_01PJKLJHI@?$HO@      000000018001de64     libvcruntime:undname.obj
 0002:00000e68       ??_C@_01JKBOJNNK@?$FO@     000000018001de68     libvcruntime:undname.obj
 0002:00000e6c       ??_C@_01DNKMNLPK@?$HM@     000000018001de6c     libvcruntime:undname.obj
 0002:00000e70       ??_C@_02PPKAJPJL@?$CG?$CG@ 000000018001de70     libvcruntime:undname.obj
 0002:00000e74       ??_C@_02NONPIBCD@?$HM?$HM@ 000000018001de74     libvcruntime:undname.obj
 0002:00000e78       ??_C@_02FPIMKNGF@?$CK?$DN@ 000000018001de78     libvcruntime:undname.obj
 0002:00000e7c       ??_C@_02FOEOMHFC@?$CL?$DN@ 000000018001de7c     libvcruntime:undname.obj
 0002:00000e80       ??_C@_02FKMDLLOA@?9?$DN@   000000018001de80     libvcruntime:undname.obj
 0002:00000e84       ??_C@_02FJEHGPIO@?1?$DN@   000000018001de84     libvcruntime:undname.obj
 0002:00000e88       ??_C@_02FENAOKFI@?$CF?$DN@ 000000018001de88     libvcruntime:undname.obj
 0002:00000e8c       ??_C@_03IKFCCPFF@?$DO?$DO?$DN@ 000000018001de8c     libvcruntime:undname.obj
 0002:00000e90       ??_C@_03CDNPDDLA@?$DM?$DM?$DN@ 000000018001de90     libvcruntime:undname.obj
 0002:00000e94       ??_C@_02FGJGFEAB@?$CG?$DN@ 000000018001de94     libvcruntime:undname.obj
 0002:00000e98       ??_C@_02DHLNPPGH@?$HM?$DN@ 000000018001de98     libvcruntime:undname.obj
 0002:00000e9c       ??_C@_02MHEGNOJ@?$FO?$DN@  000000018001de9c     libvcruntime:undname.obj
 0002:00000ea0       ??_C@_09IFPLHPGF@?$GAvftable?8@ 000000018001dea0     libvcruntime:undname.obj
 0002:00000eb0       ??_C@_09BLBHBJP@?$GAvbtable?8@ 000000018001deb0     libvcruntime:undname.obj
 0002:00000ec0       ??_C@_07FEEIOKP@?$GAvcall?8@ 000000018001dec0     libvcruntime:undname.obj
 0002:00000ec8       ??_C@_08LLFFHHDJ@?$GAtypeof?8@ 000000018001dec8     libvcruntime:undname.obj
 0002:00000ed8       ??_C@_0BF@KDPPACIK@?$GAlocal?5static?5guard?8@ 000000018001ded8     libvcruntime:undname.obj
 0002:00000ef0       ??_C@_08OBABFOLI@?$GAstring?8@ 000000018001def0     libvcruntime:undname.obj
 0002:00000f00       ??_C@_0BD@JDLKDPAB@?$GAvbase?5destructor?8@ 000000018001df00     libvcruntime:undname.obj
 0002:00000f18       ??_C@_0BN@DEGPLNFK@?$GAvector?5deleting?5destructor?8@ 000000018001df18     libvcruntime:undname.obj
 0002:00000f38       ??_C@_0BO@OBMKPJIG@?$GAdefault?5constructor?5closure?8@ 000000018001df38     libvcruntime:undname.obj
[...]
 0002:0000bf90       $unwind$__acrt_uninitialize_locale 0000000180028f90     libucrt:wsetlocale.obj
 0002:0000bf90       $unwind$__acrt_get_sigabrt_handler 0000000180028f90     libucrt:signal.obj
 0002:0000bf98       $unwind$??$?RV<lambda_410d79af7f07d98d83a3f525b3859a53>@@AEAV<lambda_3e16ef9562a7dcce91392c22ab16ea36>@@V<lambda_38119f0e861e05405d8a144b9b982f0a>@@@?$__crt_seh_guarded_call@X@@QEAAX$$QEAV<lambda_410d79af7f07d98d83a3f525b3859a53>@@AEAV<lambda_3e16ef9562a7dcce91392c22ab16ea36>@@$$QEAV<lambda_38119f0e861e05405d8a144b9b982f0a>@@@Z 0000000180028f98     libucrt:wsetlocale.obj
 0002:0000bfc0       $unwind$_free_base         0000000180028fc0     libucrt:free_base.obj
 0002:0000bfc8       $unwind$_close_internal    0000000180028fc8     libucrt:close.obj
 0002:0000bfd0       $unwind$??$?RV<lambda_ad8af0d99a0adf03d037d7dffe354bb5>@@AEAV<lambda_c9ba49e555ba839a7b07aa3fbecb7617>@@V<lambda_2f1ebd5d68526518146ae959c9e734c8>@@@?$__crt_seh_guarded_call@H@@QEAAH$$QEAV<lambda_ad8af0d99a0adf03d037d7dffe354bb5>@@AEAV<lambda_c9ba49e555ba839a7b07aa3fbecb7617>@@$$QEAV<lambda_2f1ebd5d68526518146ae959c9e734c8>@@@Z 0000000180028fd0     libucrt:close.obj
 0002:0000bff4       $unwind$?__acrt_stdio_allocate_stream@@YA?AV__crt_stdio_stream@@XZ 0000000180028ff4     libucrt:stream.obj
 0002:0000c014       $unwind$?find_or_allocate_unused_stream_nolock@@YA?AV__crt_stdio_stream@@XZ 0000000180029014     libucrt:stream.obj
 0002:0000c028       $unwind$_calloc_base       0000000180029028     libucrt:calloc_base.obj
 0002:0000c030       $unwind$?fp_format_f@@YAHQEBNQEAD_K12HW4__acrt_rounding_mode@@AEAV__crt_cached_ptd_host@@@Z 0000000180029030     libucrt:cvt.obj
 0002:0000c030       $unwind$__acrt_LCMapStringEx 0000000180029030     libucrt:winapi_thunks.obj
 0002:0000c044       $unwind$?try_get_function_slow@@YAPEAXW4function_id@?A0x391cf84c@@QEBDQEBW4module_id@2@2@Z 0000000180029044     libucrt:winapi_thunks.obj
 0002:0000c060       $unwind$_malloc_base       0000000180029060     libucrt:malloc_base.obj
 0002:0000c068       $unwind$__acrt_fp_format   0000000180029068     libucrt:cvt.obj
 0002:0000c078       $unwind$?fp_format_e_internal@@YAHQEAD_KH_NIQEAU_strflt@@2AEAV__crt_cached_ptd_host@@@Z 0000000180029078     libucrt:cvt.obj
 0002:0000c094       $unwind$?fp_format_e@@YAHQEBNQEAD_K12H_NIW4__acrt_rounding_mode@@AEAV__crt_cached_ptd_host@@@Z 0000000180029094     libucrt:cvt.obj
 0002:0000c0ac       $unwind$?fp_format_a@@YAHQEBNPEAD_KQEAD2H_NIW4__acrt_rounding_mode@@AEAV__crt_cached_ptd_host@@@Z 00000001800290ac     libucrt:cvt.obj
 0002:0000c0c8       $unwind$?fp_format_g@@YAHQEBNQEAD_K12H_NIW4__acrt_rounding_mode@@AEAV__crt_cached_ptd_host@@@Z 00000001800290c8     libucrt:cvt.obj
 0002:0000c0e0       $unwind$_wctomb_internal   00000001800290e0     libucrt:wctomb.obj
 0002:0000c0f4       $unwind$?__mbrtoc32_utf8@__crt_mbstring@@YA_KPEA_UPEBD_KPEAU_Mbstatet@@AEAV__crt_cached_ptd_host@@@Z 00000001800290f4     libucrt:mbrtoc32.obj
 0002:0000c110       $unwind$__dcrt_lowio_ensure_console_output_initialized 0000000180029110     libucrt:initcon.obj
 0002:0000c110       $unwind$?__mbrtowc_utf8@__crt_mbstring@@YA_KPEA_WPEBD_KPEAU_Mbstatet@@AEAV__crt_cached_ptd_host@@@Z 0000000180029110     libucrt:mbrtowc.obj
 0002:0000c110       $unwind$?getSystemCP@@YAHH@Z 0000000180029110     libucrt:mbctype.obj
 0002:0000c118       $unwind$?__mbsrtowcs_utf8@__crt_mbstring@@YA_KPEA_WPEAPEBD_KPEAU_Mbstatet@@AEAV__crt_cached_ptd_host@@@Z 0000000180029118     libucrt:mbrtowc.obj
 0002:0000c134       $unwind$__acrt_stdio_end_temporary_buffering_nolock 0000000180029134     libucrt:_sftbuf.obj
 0002:0000c13c       $unwind$__acrt_initialize_lowio 000000018002913c     libucrt:ioinit.obj
 0002:0000c15c       $unwind$?initialize_inherited_file_handles_nolock@@YAXXZ 000000018002915c     libucrt:ioinit.obj
 0002:0000c178       $unwind$_openfile          0000000180029178     libucrt:openfile.obj
 0002:0000c18c       $unwind$_isctype_l         000000018002918c     libucrt:isctype.obj
 0002:0000c1a8       $unwind$??$common_expand_argv_wildcards@D@@YAHQEAPEADQEAPEAPEAD@Z 00000001800291a8     libucrt:argv_wildcards.obj
 0002:0000c1c0       $unwind$__dcrt_get_narrow_environment_from_os 00000001800291c0     libucrt:get_environment_from_os.obj
 0002:0000c1c0       $unwind$??$__acrt_convert_wcs_mbs_cp@_WDV<lambda_d8593a27d1aa8c02be35c86a17d324c4>@@U__crt_win32_buffer_internal_dynamic_resizing@@@@YAHQEB_WAEAV?$__crt_win32_buffer@DU__crt_win32_buffer_internal_dynamic_resizing@@@@AEBV<lambda_d8593a27d1aa8c02be35c86a17d324c4>@@I@Z 00000001800291c0     libucrt:argv_wildcards.obj
 0002:0000c1d8       $unwind$??$expand_argument_wildcards@D@@YAHQEAD0AEAV?$argument_list@D@?A0x5f5c8891@@@Z 00000001800291d8     libucrt:argv_wildcards.obj
 0002:0000c1f8       $unwind$__acrt_GetModuleFileNameA 00000001800291f8     libucrt:getmodulefilenamea.obj
 0002:0000c214       $unwind$__dcrt_write_console 0000000180029214     libucrt:initcon.obj
 0002:0000c214       $unwind$??$__acrt_convert_wcs_mbs_cp@_WDV<lambda_f788ae46380686e8b737efdd8c720d07>@@U__crt_win32_buffer_no_resizing@@@@YAHQEB_WAEAV?$__crt_win32_buffer@DU__crt_win32_buffer_no_resizing@@@@AEBV<lambda_f788ae46380686e8b737efdd8c720d07>@@I@Z 0000000180029214     libucrt:getmodulefilenamea.obj
 0002:0000c228       $unwind$_setmbcp_nolock    0000000180029228     libucrt:mbctype.obj
 0002:0000c248       $unwind$?update_thread_multibyte_data_internal@@YAPEAU__crt_multibyte_data@@QEAU__acrt_ptd@@QEAPEAU1@@Z 0000000180029248     libucrt:mbctype.obj
 0002:0000c270       $unwind$?setmbcp_internal@@YAHH_NQEAU__acrt_ptd@@QEAPEAU__crt_multibyte_data@@@Z 0000000180029270     libucrt:mbctype.obj
 0002:0000c288       $unwind$?setSBUpLow@@YAXPEAU__crt_multibyte_data@@@Z 0000000180029288     libucrt:mbctype.obj
 0002:0000c2a4       $unwind$??$?RV<lambda_efdfa57d1f175319df784efa44bb7b81>@@AEAV<lambda_5f0a4c1567f8adc6734073e5d1e1b35c>@@V<lambda_2e8a7d3640ea6ccb4c2413664c2db6fd>@@@?$__crt_seh_guarded_call@X@@QEAAX$$QEAV<lambda_efdfa57d1f175319df784efa44bb7b81>@@AEAV<lambda_5f0a4c1567f8adc6734073e5d1e1b35c>@@$$QEAV<lambda_2e8a7d3640ea6ccb4c2413664c2db6fd>@@@Z 00000001800292a4     libucrt:mbctype.obj
 0002:0000c2c8       $unwind$__acrt_WideCharToMultiByte 00000001800292c8     libucrt:widechartomultibyte.obj
 0002:0000c2d4       $unwind$_recalloc_base     00000001800292d4     libucrt:recalloc.obj
 0002:0000c2e8       $unwind$__acrt_initialize_heap 00000001800292e8     libucrt:heap_handle.obj
 0002:0000c2f0       $unwind$_callnewh          00000001800292f0     libucrt:new_handler.obj
 0002:0000c2fc       $unwind$_query_new_handler 00000001800292fc     libucrt:new_handler.obj
 0002:0000c31c       $unwind$_query_new_handler$fin$0 000000018002931c     libucrt:new_handler.obj
 0002:0000c324       $unwind$_set_new_handler   0000000180029324     libucrt:new_handler.obj
 0002:0000c348       $unwind$_set_new_handler$fin$0 0000000180029348     libucrt:new_handler.obj
 0002:0000c350       $unwind$raise              0000000180029350     libucrt:signal.obj
 0002:0000c390       $unwind$??$?RV<lambda_450d765d439847d4c735a33c368b5fc0>@@AEAV<lambda_44731a7d0e6d81c3e6aa82d741081786>@@V<lambda_601a2a7da3b7a96e9554ac7215c4b07c>@@@?$__crt_seh_guarded_call@P6AXH@Z@@QEAAP6AXH@Z$$QEAV<lambda_450d765d439847d4c735a33c368b5fc0>@@AEAV<lambda_44731a7d0e6d81c3e6aa82d741081786>@@$$QEAV<lambda_601a2a7da3b7a96e9554ac7215c4b07c>@@@Z 0000000180029390     libucrt:signal.obj
 0002:0000c3b4       $unwind$_alloc_osfhnd      00000001800293b4     libucrt:osfinfo.obj
 0002:0000c3e4       $unwind$__acrt_lowio_destroy_handle_array 00000001800293e4     libucrt:osfinfo.obj
 0002:0000c3f4       $unwind$__acrt_lowio_ensure_fh_exists 00000001800293f4     libucrt:osfinfo.obj
 0002:0000c420       $unwind$_fcloseall         0000000180029420     libucrt:closeall.obj
 0002:0000c444       $unwind$??$common_lseek@_J@@YA_JH_JHAEAV__crt_cached_ptd_host@@@Z 0000000180029444     libucrt:lseek.obj
 0002:0000c470       $unwind$_putwch_nolock     0000000180029470     libucrt:putwch.obj
 0002:0000c478       $unwind$_read              0000000180029478     libucrt:read.obj
 0002:0000c4a8       $unwind$_read_nolock       00000001800294a8     libucrt:read.obj
 0002:0000c4c0       $unwind$?translate_ansi_or_utf8_nolock@@YAHHQEAD_KQEA_W1@Z 00000001800294c0     libucrt:read.obj
 0002:0000c4d8       $unwind$??$translate_text_mode_nolock@_W@@YAHHQEA_W_K@Z 00000001800294d8     libucrt:read.obj
 0002:0000c4f0       $unwind$__acrt_update_thread_locale_data 00000001800294f0     libucrt:locale_refcounting.obj
 0002:0000c514       $unwind$__acrt_locale_free_monetary 0000000180029514     libucrt:initmon.obj
 0002:0000c51c       $unwind$__acrt_locale_free_time 000000018002951c     libucrt:inittime.obj
 0002:0000c52c       $unwind$__acrt_GetStringTypeA 000000018002952c     libucrt:getstringtypea.obj
 0002:0000c554       $unwind$_set_new_mode      0000000180029554     libucrt:new_mode.obj
 0002:0000c55c       $unwind$__acrt_fltout      000000018002955c     libucrt:cfout.obj
 0002:0000c580       $unwind$?divide@__crt_strtox@@YA_KAEAUbig_integer@1@AEBU21@@Z 0000000180029580     libucrt:cfout.obj
 0002:0000c598       $chain$0$?divide@__crt_strtox@@YA_KAEAUbig_integer@1@AEBU21@@Z 0000000180029598     libucrt:cfout.obj
 0002:0000c5ac       $chain$1$?divide@__crt_strtox@@YA_KAEAUbig_integer@1@AEBU21@@Z 00000001800295ac     libucrt:cfout.obj
 0002:0000c5bc       $unwind$??$write_buffer_nolock@D@@YA_NDV__crt_stdio_stream@@AEAV__crt_cached_ptd_host@@@Z 00000001800295bc     libucrt:_flsbuf.obj
 0002:0000c5d0       $unwind$_sopen_nolock      00000001800295d0     libucrt:open.obj
 0002:0000c5ec       $unwind$_wsopen_nolock     00000001800295ec     libucrt:open.obj
 0002:0000c60c       $unwind$??$common_sopen_dispatch@D@@YAHQEBDHHHQEAHH@Z 000000018002960c     libucrt:open.obj
 0002:0000c630       $unwind$?decode_options@@YA?AUfile_options@?A0xa9d50aae@@HHH@Z 0000000180029630     libucrt:open.obj
 0002:0000c644       $unwind$?truncate_ctrl_z_if_present@@YAHH@Z 0000000180029644     libucrt:open.obj
 0002:0000c654       $unwind$?configure_text_mode@@YAHHUfile_options@?A0xa9d50aae@@HAEAW4__crt_lowio_text_mode@@@Z 0000000180029654     libucrt:open.obj
 0002:0000c66c       $unwind$qsort              000000018002966c     libucrt:qsort.obj
 0002:0000c684       $chain$3$qsort             0000000180029684     libucrt:qsort.obj
 0002:0000c6a4       $chain$4$qsort             00000001800296a4     libucrt:qsort.obj
 0002:0000c6b4       $unwind$__acrt_LCMapStringA 00000001800296b4     libucrt:lcmapstringa.obj
 0002:0000c6c4       $unwind$?__acrt_LCMapStringA_stat@@YAHPEAU__crt_locale_pointers@@PEB_WKPEBDHPEADHHH@Z 00000001800296c4     libucrt:lcmapstringa.obj
 0002:0000c6ec       $unwind$_msize_base        00000001800296ec     libucrt:msize.obj
 0002:0000c6f4       $unwind$_realloc_base      00000001800296f4     libucrt:realloc_base.obj
 0002:0000c700       $xdatasym$log10            0000000180029700     libucrt:log10.obj
 0002:0000c70c       $unwind$__acrt_fenv_set_control 000000018002970c     libucrt:_fenvutils.obj
 0002:0000c718       $chain$0$__acrt_fenv_set_control 0000000180029718     libucrt:_fenvutils.obj
 0002:0000c72c       $chain$1$__acrt_fenv_set_control 000000018002972c     libucrt:_fenvutils.obj
 0002:0000c73c       $unwind$_setmode_nolock    000000018002973c     libucrt:setmode.obj
 0002:0000c74c       $unwind$_guard_check_icall 000000018002974c     libucrt:checkcfg.obj
 0002:0000c758       $unwind$common_control87   0000000180029758     libucrt:ieee.obj
 0002:0000c784       $unwind$_exception_enabled 0000000180029784     libucrt:libm_error.obj
 0002:0000c798       $chain$0$_exception_enabled 0000000180029798     libucrt:libm_error.obj
 0002:0000c7ac       $chain$1$_exception_enabled 00000001800297ac     libucrt:libm_error.obj
 0002:0000c7bc       $unwind$_handle_error      00000001800297bc     libucrt:libm_error.obj
 0002:0000c7d8       $unwind$__acrt_initialize_fma3 00000001800297d8     libucrt:fma3_available.obj
 0002:0000c7e0       $unwind$_log_special_common 00000001800297e0     libucrt:log_special.obj
 0002:0000c7ec       $unwind$_ctrlfp            00000001800297ec     libucrt:fpctrl.obj
 0002:0000c80c       $unwind$_raise_exc         000000018002980c     libucrt:fpexcept.obj
 0002:0000c814       $unwind$_raise_exc_ex      0000000180029814     libucrt:fpexcept.obj
 0002:0000c828       $unwind$__GSHandlerCheckCommon 0000000180029828     LIBCMT:gshandler.obj
 0002:0000c830       $unwind$_IsNonwritableInCurrentImage 0000000180029830     LIBCMT:pesect.obj
 0002:0000c858       $xdatasym                  0000000180029858     LIBCMT:chkstk.obj
 0002:0000c8f0       .edata                     00000001800298f0     hook64_relmap.exp
 0002:0000c918       rgpv                       0000000180029918     hook64_relmap.exp
 0002:0000c924       rgszName                   0000000180029924     hook64_relmap.exp
 0002:0000c930       rgwOrd                     0000000180029930     hook64_relmap.exp
 0002:0000c936       szName                     0000000180029936     hook64_relmap.exp
 0002:0000c948       $N00001                    0000000180029948     hook64_relmap.exp
 0002:0000c958       $N00002                    0000000180029958     hook64_relmap.exp
 0002:0000c967       $N00003                    0000000180029967     hook64_relmap.exp
 0002:0000cf28       .idata$6                   0000000180029f28     kernel32:KERNEL32.dll
 0002:0000cf4c       .idata$6                   0000000180029f4c     shlwapi:SHLWAPI.dll
 0002:0000cf6c       .idata$6                   0000000180029f6c     shell32:SHELL32.dll
 0003:00000070       ?__vcrt_flsindex@@3KA      000000018002b070     libvcruntime:per_thread_data.obj
 0003:00000084       ?errno_no_memory@@3HA      000000018002b084     libucrt:errno.obj
 0003:00000088       ?doserrno_no_memory@@3KA   000000018002b088     libucrt:errno.obj
 0003:00000198       ?__acrt_flsindex@@3KA      000000018002b198     libucrt:per_thread_data.obj
 0003:00000590       _mbctypes                  000000018002b590     libucrt:mbctype.obj
 0003:000006a0       _mbcasemaps                000000018002b6a0     libucrt:mbctype.obj
 0003:000007a0       ?__rgctypeflag@@3PADA      000000018002b7a0     libucrt:mbctype.obj
 0003:000007b0       ?__rgcode_page_info@@3PAUcode_page_info@@A 000000018002b7b0     libucrt:mbctype.obj
 0003:00000a48       ?__dcrt_lowio_console_output_handle@@3PEAXEA 000000018002ba48     libucrt:initcon.obj
 0003:00000a50       ?dazSupported@?1??common_control87@@9@9 000000018002ba50     libucrt:ieee.obj
 0003:00000a60       ?dazSupported@?1??_ctrlfp@@9@9 000000018002ba60     libucrt:fpctrl.obj
 0003:00000b10       GS_ExceptionRecord         000000018002bb10     LIBCMT:gs_report.obj
 0003:00000bb0       GS_ContextRecord           000000018002bbb0     LIBCMT:gs_report.obj
 0003:00001080       ?__proc_attached@@3HA      000000018002c080     LIBCMT:dll_dllmain.obj
 0003:000010b8       ?is_initialized_as_dll@@3_NA 000000018002c0b8     LIBCMT:utility.obj
 0003:000010b9       ?module_local_atexit_table_initialized@@3_NA 000000018002c0b9     LIBCMT:utility.obj
 0003:000010c0       ?module_local_atexit_table@@3U_onexit_table_t@@A 000000018002c0c0     LIBCMT:utility.obj
 0003:000010d8       ?module_local_at_quick_exit_table@@3U_onexit_table_t@@A 000000018002c0d8     LIBCMT:utility.obj
 0003:00001110       ?__vcrt_startup_thread_ptd@@3U__vcrt_ptd@@A 000000018002c110     libvcruntime:per_thread_data.obj
 0003:000011d0       ?heap@@3V_HeapManager@@A   000000018002c1d0     libvcruntime:undname.obj
 0003:000011f8       __vcrt_lock_table          000000018002c1f8     libvcruntime:locks.obj
 0003:00001220       __vcrt_locks_initialized   000000018002c220     libvcruntime:locks.obj
 0003:00001228       ?module_handles@@3PAPEAUHINSTANCE__@@A 000000018002c228     libvcruntime:winapi_downlevel.obj
 0003:00001240       ?function_pointers@@3PAPEAXA 000000018002c240     libvcruntime:winapi_downlevel.obj
 0003:00001270       ?c_termination_complete@@3JA 000000018002c270     libucrt:exit.obj
 0003:00001278       ?thread_local_exit_callback_func@@3P6AXPEAXK0@ZEA 000000018002c278     libucrt:exit.obj
 0003:00001280       ?c_exit_complete@?1???R<lambda_6e4b09c48022b2350581041d5f6b0c4c>@@QEBA@XZ@4_NA 000000018002c280     libucrt:exit.obj
 0003:00001290       ?program_name@?1???$common_configure_argv@D@@YAHW4_crt_argv_mode@@@Z@4PADA 000000018002c290     libucrt:argv_parsing.obj
 0003:000013e8       ?__acrt_invalid_parameter_handler@@3V?$dual_state_global@P6AXPEB_W00I_K@Z@__crt_state_management@@A 000000018002c3e8     libucrt:invalid_parameter.obj
 0003:000013f0       ?__acrt_lock_table@@3PAU_RTL_CRITICAL_SECTION@@A 000000018002c3f0     libucrt:locks.obj
 0003:00001648       ?__acrt_locks_initialized@@3IA 000000018002c648     libucrt:locks.obj
 0003:00001680       ?module_handles@@3PAPEAUHINSTANCE__@@A 000000018002c680     libucrt:winapi_thunks.obj
 0003:00001738       ?state_cache@?1???$get_cached_win_policy@Ubegin_thread_init_policy_properties@?1??__acrt_get_begin_thread_init_policy@@YA?AW4begin_thread_init_policy@@XZ@@@YA?AW4begin_thread_init_policy@@W4AppPolicyThreadInitializationType@@@Z@4JA 000000018002c738     libucrt:win_policies.obj
 0003:00001740       ?internal_state@?1??_mbtowc_internal@@9@4U_Mbstatet@@A 000000018002c740     libucrt:mbtowc.obj
 0003:00001748       ?internal_pst@?1??__mbrtoc32_utf8@__crt_mbstring@@YA_KPEA_UPEBD_KPEAU_Mbstatet@@AEAV__crt_cached_ptd_host@@@Z@4U3@A 000000018002c748     libucrt:mbrtoc32.obj
 0003:00001750       ?internal_pst@?1??__c16rtomb_utf8@__crt_mbstring@@YA_KPEAD_SPEAU_Mbstatet@@AEAV__crt_cached_ptd_host@@@Z@4U3@A 000000018002c750     libucrt:c16rtomb.obj
 0003:00001758       ?enable_percent_n@@3_KA    000000018002c758     libucrt:printf_count_output.obj
 0003:00001b90       ?fSystemSet@@3HA           000000018002cb90     libucrt:mbctype.obj
 0003:00001b94       ?initialized@?1??__acrt_initialize_multibyte@@9@4_NA 000000018002cb94     libucrt:mbctype.obj
 0003:00001bd0       ?__acrt_new_handler@@3V?$dual_state_global@P6AH_K@Z@__crt_state_management@@A 000000018002cbd0     libucrt:new_handler.obj
 0003:00001bd8       ?ctrlc_action@@3V?$dual_state_global@P6AXH@Z@__crt_state_management@@A 000000018002cbd8     libucrt:signal.obj
 0003:00001be0       ?ctrlbreak_action@@3V?$dual_state_global@P6AXH@Z@__crt_state_management@@A 000000018002cbe0     libucrt:signal.obj
 0003:00001be8       ?abort_action@@3V?$dual_state_global@P6AXH@Z@__crt_state_management@@A 000000018002cbe8     libucrt:signal.obj
 0003:00001bf0       ?term_action@@3V?$dual_state_global@P6AXH@Z@__crt_state_management@@A 000000018002cbf0     libucrt:signal.obj
 0003:00001bf8       ?user_matherr@@3V?$dual_state_global@P6AHPEAU_exception@@@Z@__crt_state_management@@A 000000018002cbf8     libucrt:matherr.obj
 0003:00001c08       ?__acrt_global_new_mode@@3V?$dual_state_global@J@__crt_state_management@@A 000000018002cc08     libucrt:new_mode.obj
 0003:00001c10       ?__acrt_app_type@@3W4_crt_app_type@@A 000000018002cc10     libucrt:report_runtime_error.obj
 0003:00001c30       ?g_unloading@@3JC          000000018002cc30     hook64_relmap.obj
 0003:00001c34       ?g_logCSInitialized@@3_NA  000000018002cc34     hook64_relmap.obj
 0003:00001c38       ?g_logCS@@3U_RTL_CRITICAL_SECTION@@A 000000018002cc38     hook64_relmap.obj
 0003:00001c60       ?g_started@@3JC            000000018002cc60     hook64_relmap.obj
 0003:00001c70       ?g_pythonHomePath@@3PADA   000000018002cc70     hook64_relmap.obj
 0003:00001d78       ?g_logFile@@3PEAU_iobuf@@EA 000000018002cd78     hook64_relmap.obj
 0003:00001d80       ?g_workerThread@@3PEAXEA   000000018002cd80     hook64_relmap.obj
 0005:00000000       ?function_pointers@@3PAPEAXA 000000018002f000     libucrt:winapi_thunks.obj
